docker : 2026-08-20T09:54:08Z	INFO	[vulndb] Need to update DB
At line:1 char:323
+ ... ker\python; docker run --rm -v /var/run/docker.sock:/var/run/docker.s ...
+                 ~~~~~~~~~~~~~~~~~~~~~~~~~~~~~~~~~~~~~~~~~~~~~~~~~~~~~~~~~
    + CategoryInfo          : NotSpecified: (2026-08-20T09:5...ed to update DB:String) [], RemoteException
    + FullyQualifiedErrorId : NativeCommandError
 
2026-08-20T09:54:08Z	INFO	[vulndb] Downloading vulnerability DB...
2026-08-20T09:54:08Z	INFO	[vulndb] Downloading artifact...	repo="mirror.gcr.io/aquasec/trivy-db:2"
63.23 KiB / 108.44 MiB [>____________________________________________________________] 0.06% ? p/s ?127.23 KiB / 
108.44 MiB [>___________________________________________________________] 0.11% ? p/s ?127.23 KiB / 108.44 MiB 
[>___________________________________________________________] 0.11% ? p/s ?127.23 KiB / 108.44 MiB 
[>_________________________________________] 0.11% 106.52 KiB p/s ETA 17m21s191.23 KiB / 108.44 MiB 
[>_________________________________________] 0.17% 106.52 KiB p/s ETA 17m20s239.23 KiB / 108.44 MiB 
[>_________________________________________] 0.22% 106.52 KiB p/s ETA 17m20s335.23 KiB / 108.44 MiB 
[>__________________________________________] 0.30% 122.01 KiB p/s ETA 15m7s383.23 KiB / 108.44 MiB 
[>__________________________________________] 0.35% 122.01 KiB p/s ETA 15m6s415.23 KiB / 108.44 MiB 
[>__________________________________________] 0.37% 122.01 KiB p/s ETA 15m6s415.23 KiB / 108.44 MiB 
[>__________________________________________] 0.37% 122.75 KiB p/s ETA 15m1s415.23 KiB / 108.44 MiB 
[>__________________________________________] 0.37% 122.75 KiB p/s ETA 15m1s431.23 KiB / 108.44 MiB 
[>__________________________________________] 0.39% 122.75 KiB p/s ETA 15m1s473.61 KiB / 108.44 MiB 
[>_________________________________________] 0.43% 121.10 KiB p/s ETA 15m13s473.61 KiB / 108.44 MiB 
[>_________________________________________] 0.43% 121.10 KiB p/s ETA 15m13s473.61 KiB / 108.44 MiB 
[>_________________________________________] 0.43% 121.10 KiB p/s ETA 15m13s473.61 KiB / 108.44 MiB 
[>_________________________________________] 0.43% 113.29 KiB p/s ETA 16m16s505.61 KiB / 108.44 MiB 
[>_________________________________________] 0.46% 113.29 KiB p/s ETA 16m15s585.61 KiB / 108.44 MiB 
[>_________________________________________] 0.53% 113.29 KiB p/s ETA 16m15s681.61 KiB / 108.44 MiB 
[>_________________________________________] 0.61% 128.36 KiB p/s ETA 14m19s841.61 KiB / 108.44 MiB 
[>_________________________________________] 0.76% 128.36 KiB p/s ETA 14m18s1.03 MiB / 108.44 MiB 
[>___________________________________________] 0.95% 128.36 KiB p/s ETA 14m16s1.22 MiB / 108.44 MiB 
[>____________________________________________] 1.13% 181.43 KiB p/s ETA 10m5s1.25 MiB / 108.44 MiB 
[>____________________________________________] 1.16% 181.43 KiB p/s ETA 10m4s1.32 MiB / 108.44 MiB 
[>____________________________________________] 1.21% 181.43 KiB p/s ETA 10m4s1.41 MiB / 108.44 MiB 
[>____________________________________________] 1.30% 190.37 KiB p/s ETA 9m35s1.51 MiB / 108.44 MiB 
[>____________________________________________] 1.40% 190.37 KiB p/s ETA 9m35s1.67 MiB / 108.44 MiB 
[>____________________________________________] 1.54% 190.37 KiB p/s ETA 9m34s1.78 MiB / 108.44 MiB 
[>____________________________________________] 1.64% 218.74 KiB p/s ETA 8m19s1.89 MiB / 108.44 MiB 
[>____________________________________________] 1.74% 218.74 KiB p/s ETA 8m18s2.02 MiB / 108.44 MiB 
[>____________________________________________] 1.86% 218.74 KiB p/s ETA 8m18s2.11 MiB / 108.44 MiB 
[>____________________________________________] 1.95% 240.95 KiB p/s ETA 7m31s2.23 MiB / 108.44 MiB 
[>____________________________________________] 2.06% 240.95 KiB p/s ETA 7m31s2.32 MiB / 108.44 MiB 
[>____________________________________________] 2.14% 240.95 KiB p/s ETA 7m30s2.34 MiB / 108.44 MiB 
[>____________________________________________] 2.16% 250.58 KiB p/s ETA 7m13s2.43 MiB / 108.44 MiB 
[->___________________________________________] 2.24% 250.58 KiB p/s ETA 7m13s2.49 MiB / 108.44 MiB 
[->___________________________________________] 2.30% 250.58 KiB p/s ETA 7m12s2.62 MiB / 108.44 MiB 
[->___________________________________________] 2.42% 265.38 KiB p/s ETA 6m48s2.62 MiB / 108.44 MiB 
[->___________________________________________] 2.42% 265.38 KiB p/s ETA 6m48s2.62 MiB / 108.44 MiB 
[->___________________________________________] 2.42% 265.38 KiB p/s ETA 6m48s2.62 MiB / 108.44 MiB 
[->___________________________________________] 2.42% 248.26 KiB p/s ETA 7m16s2.68 MiB / 108.44 MiB 
[->___________________________________________] 2.47% 248.26 KiB p/s ETA 7m16s2.78 MiB / 108.44 MiB 
[->___________________________________________] 2.56% 248.26 KiB p/s ETA 7m15s2.78 MiB / 108.44 MiB 
[->___________________________________________] 2.56% 249.42 KiB p/s ETA 7m13s2.78 MiB / 108.44 MiB 
[->___________________________________________] 2.56% 249.42 KiB p/s ETA 7m13s2.84 MiB / 108.44 MiB 
[->___________________________________________] 2.62% 249.42 KiB p/s ETA 7m13s2.84 MiB / 108.44 MiB 
[->___________________________________________] 2.62% 240.22 KiB p/s ETA 7m30s2.90 MiB / 108.44 MiB 
[->___________________________________________] 2.67% 240.22 KiB p/s ETA 7m29s3.00 MiB / 108.44 MiB 
[->___________________________________________] 2.77% 240.22 KiB p/s ETA 7m29s3.13 MiB / 108.44 MiB 
[->___________________________________________] 2.89% 256.79 KiB p/s ETA 6m59s3.34 MiB / 108.44 MiB 
[->___________________________________________] 3.08% 256.79 KiB p/s ETA 6m59s3.37 MiB / 108.44 MiB 
[->___________________________________________] 3.11% 256.79 KiB p/s ETA 6m58s3.37 MiB / 108.44 MiB 
[->___________________________________________] 3.11% 267.18 KiB p/s ETA 6m42s3.37 MiB / 108.44 MiB 
[->___________________________________________] 3.11% 267.18 KiB p/s ETA 6m42s3.37 MiB / 108.44 MiB 
[->___________________________________________] 3.11% 267.18 KiB p/s ETA 6m42s3.44 MiB / 108.44 MiB 
[->___________________________________________] 3.17% 256.82 KiB p/s ETA 6m58s3.76 MiB / 108.44 MiB 
[->___________________________________________] 3.47% 256.82 KiB p/s ETA 6m57s3.91 MiB / 108.44 MiB 
[->___________________________________________] 3.60% 256.82 KiB p/s ETA 6m56s4.03 MiB / 108.44 MiB 
[->___________________________________________] 3.72% 305.74 KiB p/s ETA 5m49s4.14 MiB / 108.44 MiB 
[->___________________________________________] 3.82% 305.74 KiB p/s ETA 5m49s4.17 MiB / 108.44 MiB 
[->___________________________________________] 3.85% 305.74 KiB p/s ETA 5m49s4.48 MiB / 108.44 MiB 
[->___________________________________________] 4.13% 335.32 KiB p/s ETA 5m17s4.53 MiB / 108.44 MiB 
[->___________________________________________] 4.17% 335.32 KiB p/s ETA 5m17s4.53 MiB / 108.44 MiB 
[->___________________________________________] 4.17% 335.32 KiB p/s ETA 5m17s4.66 MiB / 108.44 MiB 
[->___________________________________________] 4.30% 333.72 KiB p/s ETA 5m18s4.66 MiB / 108.44 MiB 
[->___________________________________________] 4.30% 333.72 KiB p/s ETA 5m18s4.91 MiB / 108.44 MiB 
[-->__________________________________________] 4.53% 333.72 KiB p/s ETA 5m17s5.00 MiB / 108.44 MiB 
[-->___________________________________________] 4.62% 350.04 KiB p/s ETA 5m2s5.10 MiB / 108.44 MiB 
[-->___________________________________________] 4.70% 350.04 KiB p/s ETA 5m2s5.19 MiB / 108.44 MiB 
[-->___________________________________________] 4.79% 350.04 KiB p/s ETA 5m2s5.39 MiB / 108.44 MiB 
[-->__________________________________________] 4.97% 369.90 KiB p/s ETA 4m45s5.55 MiB / 108.44 MiB 
[-->__________________________________________] 5.11% 369.90 KiB p/s ETA 4m44s5.66 MiB / 108.44 MiB 
[-->__________________________________________] 5.22% 369.90 KiB p/s ETA 4m44s5.97 MiB / 108.44 MiB 
[-->__________________________________________] 5.50% 409.71 KiB p/s ETA 4m16s6.04 MiB / 108.44 MiB 
[-->__________________________________________] 5.57% 409.71 KiB p/s ETA 4m15s6.04 MiB / 108.44 MiB 
[-->__________________________________________] 5.57% 409.71 KiB p/s ETA 4m15s6.04 MiB / 108.44 MiB 
[-->__________________________________________] 5.57% 391.27 KiB p/s ETA 4m28s6.04 MiB / 108.44 MiB 
[-->__________________________________________] 5.57% 391.27 KiB p/s ETA 4m28s6.04 MiB / 108.44 MiB 
[-->__________________________________________] 5.57% 391.27 KiB p/s ETA 4m28s6.25 MiB / 108.44 MiB 
[-->__________________________________________] 5.77% 389.51 KiB p/s ETA 4m28s6.30 MiB / 108.44 MiB 
[-->__________________________________________] 5.81% 389.51 KiB p/s ETA 4m28s6.55 MiB / 108.44 MiB 
[-->__________________________________________] 6.04% 389.51 KiB p/s ETA 4m27s6.71 MiB / 108.44 MiB 
[-->__________________________________________] 6.18% 414.28 KiB p/s ETA 4m11s6.75 MiB / 108.44 MiB 
[-->__________________________________________] 6.23% 414.28 KiB p/s ETA 4m11s6.82 MiB / 108.44 MiB 
[-->__________________________________________] 6.29% 414.28 KiB p/s ETA 4m11s6.82 MiB / 108.44 MiB 
[-->__________________________________________] 6.29% 399.58 KiB p/s ETA 4m20s6.82 MiB / 108.44 MiB 
[-->__________________________________________] 6.29% 399.58 KiB p/s ETA 4m20s6.91 MiB / 108.44 MiB 
[-->__________________________________________] 6.37% 399.58 KiB p/s ETA 4m20s6.91 MiB / 108.44 MiB 
[-->__________________________________________] 6.37% 384.13 KiB p/s ETA 4m30s6.91 MiB / 108.44 MiB 
[-->__________________________________________] 6.37% 384.13 KiB p/s ETA 4m30s7.05 MiB / 108.44 MiB 
[-->__________________________________________] 6.50% 384.13 KiB p/s ETA 4m30s7.25 MiB / 108.44 MiB 
[--->_________________________________________] 6.68% 396.57 KiB p/s ETA 4m21s7.40 MiB / 108.44 MiB 
[--->_________________________________________] 6.82% 396.57 KiB p/s ETA 4m20s7.43 MiB / 108.44 MiB 
[--->_________________________________________] 6.85% 396.57 KiB p/s ETA 4m20s7.49 MiB / 108.44 MiB 
[--->_________________________________________] 6.91% 397.88 KiB p/s ETA 4m19s7.49 MiB / 108.44 MiB 
[--->_________________________________________] 6.91% 397.88 KiB p/s ETA 4m19s7.49 MiB / 108.44 MiB 
[--->_________________________________________] 6.91% 397.88 KiB p/s ETA 4m19s7.66 MiB / 108.44 MiB 
[--->_________________________________________] 7.07% 391.16 KiB p/s ETA 4m23s7.84 MiB / 108.44 MiB 
[--->_________________________________________] 7.23% 391.16 KiB p/s ETA 4m23s8.02 MiB / 108.44 MiB 
[--->_________________________________________] 7.40% 391.16 KiB p/s ETA 4m22s8.17 MiB / 108.44 MiB 
[--->__________________________________________] 7.54% 422.08 KiB p/s ETA 4m3s8.33 MiB / 108.44 MiB 
[--->__________________________________________] 7.68% 422.08 KiB p/s ETA 4m2s8.53 MiB / 108.44 MiB 
[--->__________________________________________] 7.86% 422.08 KiB p/s ETA 4m2s8.73 MiB / 108.44 MiB 
[--->_________________________________________] 8.05% 455.59 KiB p/s ETA 3m44s8.97 MiB / 108.44 MiB 
[--->_________________________________________] 8.27% 455.59 KiB p/s ETA 3m43s9.22 MiB / 108.44 MiB 
[--->_________________________________________] 8.50% 455.59 KiB p/s ETA 3m43s9.55 MiB / 108.44 MiB 
[--->_________________________________________] 8.81% 516.74 KiB p/s ETA 3m15s9.74 MiB / 108.44 MiB 
[---->________________________________________] 8.98% 516.74 KiB p/s ETA 3m15s9.92 MiB / 108.44 MiB 
[---->________________________________________] 9.15% 516.74 KiB p/s ETA 3m15s10.15 MiB / 108.44 MiB 
[---->________________________________________] 9.36% 549.97 KiB p/s ETA 3m3s10.26 MiB / 108.44 MiB 
[---->________________________________________] 9.46% 549.97 KiB p/s ETA 3m2s10.36 MiB / 108.44 MiB 
[---->________________________________________] 9.55% 549.97 KiB p/s ETA 3m2s10.61 MiB / 108.44 MiB 
[---->_______________________________________] 9.78% 564.22 KiB p/s ETA 2m57s10.67 MiB / 108.44 MiB 
[---->_______________________________________] 9.84% 564.22 KiB p/s ETA 2m57s10.67 MiB / 108.44 MiB 
[---->_______________________________________] 9.84% 564.22 KiB p/s ETA 2m57s10.67 MiB / 108.44 MiB 
[---->________________________________________] 9.84% 534.71 KiB p/s ETA 3m7s10.67 MiB / 108.44 MiB 
[---->________________________________________] 9.84% 534.71 KiB p/s ETA 3m7s10.91 MiB / 108.44 MiB 
[---->_______________________________________] 10.06% 534.71 KiB p/s ETA 3m6s10.96 MiB / 108.44 MiB 
[---->_______________________________________] 10.11% 532.26 KiB p/s ETA 3m7s11.16 MiB / 108.44 MiB 
[---->_______________________________________] 10.29% 532.26 KiB p/s ETA 3m7s11.22 MiB / 108.44 MiB 
[---->_______________________________________] 10.35% 532.26 KiB p/s ETA 3m7s11.43 MiB / 108.44 MiB 
[---->_______________________________________] 10.54% 550.06 KiB p/s ETA 3m0s11.57 MiB / 108.44 MiB 
[---->_______________________________________] 10.67% 550.06 KiB p/s ETA 3m0s11.66 MiB / 108.44 MiB 
[---->_______________________________________] 10.75% 550.06 KiB p/s ETA 3m0s11.69 MiB / 108.44 MiB 
[---->_______________________________________] 10.78% 543.23 KiB p/s ETA 3m2s11.89 MiB / 108.44 MiB 
[---->_______________________________________] 10.96% 543.23 KiB p/s ETA 3m2s12.00 MiB / 108.44 MiB 
[---->_______________________________________] 11.07% 543.23 KiB p/s ETA 3m1s12.11 MiB / 108.44 MiB 
[---->______________________________________] 11.17% 554.03 KiB p/s ETA 2m58s12.16 MiB / 108.44 MiB 
[---->______________________________________] 11.21% 554.03 KiB p/s ETA 2m57s12.30 MiB / 108.44 MiB 
[---->______________________________________] 11.34% 554.03 KiB p/s ETA 2m57s12.42 MiB / 108.44 MiB 
[---->______________________________________] 11.45% 552.72 KiB p/s ETA 2m57s12.47 MiB / 108.44 MiB 
[---->______________________________________] 11.50% 552.72 KiB p/s ETA 2m57s12.52 MiB / 108.44 MiB 
[---->______________________________________] 11.54% 552.72 KiB p/s ETA 2m57s12.66 MiB / 108.44 MiB 
[----->______________________________________] 11.67% 542.86 KiB p/s ETA 3m0s12.95 MiB / 108.44 MiB 
[----->______________________________________] 11.94% 542.86 KiB p/s ETA 3m0s13.27 MiB / 108.44 MiB 
[----->_____________________________________] 12.23% 542.86 KiB p/s ETA 2m59s13.53 MiB / 108.44 MiB 
[----->_____________________________________] 12.47% 603.61 KiB p/s ETA 2m41s13.53 MiB / 108.44 MiB 
[----->_____________________________________] 12.47% 603.61 KiB p/s ETA 2m41s14.00 MiB / 108.44 MiB 
[----->_____________________________________] 12.91% 603.61 KiB p/s ETA 2m40s14.27 MiB / 108.44 MiB 
[----->_____________________________________] 13.15% 646.22 KiB p/s ETA 2m29s14.60 MiB / 108.44 MiB 
[----->_____________________________________] 13.47% 646.22 KiB p/s ETA 2m28s15.10 MiB / 108.44 MiB 
[----->_____________________________________] 13.92% 646.22 KiB p/s ETA 2m27s15.47 MiB / 108.44 MiB 
[------>_____________________________________] 14.26% 736.78 KiB p/s ETA 2m9s15.57 MiB / 108.44 MiB 
[------>_____________________________________] 14.36% 736.78 KiB p/s ETA 2m9s15.87 MiB / 108.44 MiB 
[------>_____________________________________] 14.63% 736.78 KiB p/s ETA 2m8s16.25 MiB / 108.44 MiB 
[------>_____________________________________] 14.99% 775.87 KiB p/s ETA 2m1s16.64 MiB / 108.44 MiB 
[------>_____________________________________] 15.34% 775.87 KiB p/s ETA 2m1s16.91 MiB / 108.44 MiB 
[------>_____________________________________] 15.59% 775.87 KiB p/s ETA 2m0s17.36 MiB / 108.44 MiB 
[------>____________________________________] 16.01% 847.88 KiB p/s ETA 1m49s17.93 MiB / 108.44 MiB 
[------->___________________________________] 16.53% 847.88 KiB p/s ETA 1m49s18.33 MiB / 108.44 MiB 
[------->___________________________________] 16.90% 847.88 KiB p/s ETA 1m48s18.68 MiB / 108.44 MiB 
[------->___________________________________] 17.23% 938.53 KiB p/s ETA 1m37s18.82 MiB / 108.44 MiB 
[------->___________________________________] 17.36% 938.53 KiB p/s ETA 1m37s19.12 MiB / 108.44 MiB 
[------->___________________________________] 17.63% 938.53 KiB p/s ETA 1m37s19.59 MiB / 108.44 MiB 
[------->___________________________________] 18.07% 977.85 KiB p/s ETA 1m33s19.59 MiB / 108.44 MiB 
[------->___________________________________] 18.07% 977.85 KiB p/s ETA 1m33s19.87 MiB / 108.44 MiB 
[------->___________________________________] 18.32% 977.85 KiB p/s ETA 1m32s19.87 MiB / 108.44 MiB 
[------->___________________________________] 18.32% 945.12 KiB p/s ETA 1m35s20.19 MiB / 108.44 MiB 
[-------->__________________________________] 18.62% 945.12 KiB p/s ETA 1m35s20.72 MiB / 108.44 MiB 
[-------->__________________________________] 19.11% 945.12 KiB p/s ETA 1m35s20.97 MiB / 108.44 MiB 
[-------->_________________________________] 19.34% 1006.03 KiB p/s ETA 1m29s21.25 MiB / 108.44 MiB 
[-------->_________________________________] 19.60% 1006.03 KiB p/s ETA 1m28s21.58 MiB / 108.44 MiB 
[-------->_________________________________] 19.90% 1006.03 KiB p/s ETA 1m28s21.89 MiB / 108.44 MiB 
[--------->___________________________________] 20.19% 1.02 MiB p/s ETA 1m25s22.24 MiB / 108.44 MiB 
[--------->___________________________________] 20.51% 1.02 MiB p/s ETA 1m24s22.59 MiB / 108.44 MiB 
[--------->___________________________________] 20.83% 1.02 MiB p/s ETA 1m24s22.77 MiB / 108.44 MiB 
[--------->___________________________________] 21.00% 1.05 MiB p/s ETA 1m21s23.09 MiB / 108.44 MiB 
[--------->___________________________________] 21.29% 1.05 MiB p/s ETA 1m21s23.34 MiB / 108.44 MiB 
[--------->___________________________________] 21.52% 1.05 MiB p/s ETA 1m21s23.52 MiB / 108.44 MiB 
[--------->___________________________________] 21.69% 1.06 MiB p/s ETA 1m20s23.81 MiB / 108.44 MiB 
[--------->___________________________________] 21.96% 1.06 MiB p/s ETA 1m19s23.98 MiB / 108.44 MiB 
[--------->___________________________________] 22.11% 1.06 MiB p/s ETA 1m19s24.46 MiB / 108.44 MiB 
[---------->__________________________________] 22.55% 1.09 MiB p/s ETA 1m16s24.82 MiB / 108.44 MiB 
[---------->__________________________________] 22.89% 1.09 MiB p/s ETA 1m16s24.93 MiB / 108.44 MiB 
[---------->__________________________________] 22.99% 1.09 MiB p/s ETA 1m16s25.04 MiB / 108.44 MiB 
[---------->__________________________________] 23.09% 1.08 MiB p/s ETA 1m16s25.07 MiB / 108.44 MiB 
[---------->__________________________________] 23.12% 1.08 MiB p/s ETA 1m16s25.44 MiB / 108.44 MiB 
[---------->__________________________________] 23.46% 1.08 MiB p/s ETA 1m16s25.75 MiB / 108.44 MiB 
[---------->__________________________________] 23.75% 1.09 MiB p/s ETA 1m15s25.84 MiB / 108.44 MiB 
[---------->__________________________________] 23.83% 1.09 MiB p/s ETA 1m15s25.84 MiB / 108.44 MiB 
[---------->__________________________________] 23.83% 1.09 MiB p/s ETA 1m15s26.00 MiB / 108.44 MiB 
[---------->__________________________________] 23.98% 1.05 MiB p/s ETA 1m18s26.20 MiB / 108.44 MiB 
[---------->__________________________________] 24.16% 1.05 MiB p/s ETA 1m18s26.49 MiB / 108.44 MiB 
[---------->__________________________________] 24.43% 1.05 MiB p/s ETA 1m18s26.81 MiB / 108.44 MiB 
[----------->_________________________________] 24.72% 1.07 MiB p/s ETA 1m16s27.08 MiB / 108.44 MiB 
[----------->_________________________________] 24.97% 1.07 MiB p/s ETA 1m16s27.37 MiB / 108.44 MiB 
[----------->_________________________________] 25.24% 1.07 MiB p/s ETA 1m16s27.82 MiB / 108.44 MiB 
[----------->_________________________________] 25.66% 1.11 MiB p/s ETA 1m12s28.15 MiB / 108.44 MiB 
[----------->_________________________________] 25.96% 1.11 MiB p/s ETA 1m12s28.26 MiB / 108.44 MiB 
[----------->_________________________________] 26.06% 1.11 MiB p/s ETA 1m12s28.50 MiB / 108.44 MiB 
[----------->_________________________________] 26.28% 1.11 MiB p/s ETA 1m12s28.71 MiB / 108.44 MiB 
[----------->_________________________________] 26.47% 1.11 MiB p/s ETA 1m11s29.00 MiB / 108.44 MiB 
[------------>________________________________] 26.74% 1.11 MiB p/s ETA 1m11s29.25 MiB / 108.44 MiB 
[------------>________________________________] 26.97% 1.12 MiB p/s ETA 1m10s29.40 MiB / 108.44 MiB 
[------------>________________________________] 27.11% 1.12 MiB p/s ETA 1m10s29.62 MiB / 108.44 MiB 
[------------>________________________________] 27.31% 1.12 MiB p/s ETA 1m10s29.71 MiB / 108.44 MiB 
[------------>________________________________] 27.40% 1.09 MiB p/s ETA 1m11s29.77 MiB / 108.44 MiB 
[------------>________________________________] 27.46% 1.09 MiB p/s ETA 1m11s29.83 MiB / 108.44 MiB 
[------------>________________________________] 27.51% 1.09 MiB p/s ETA 1m11s29.83 MiB / 108.44 MiB 
[------------>________________________________] 27.51% 1.04 MiB p/s ETA 1m15s29.86 MiB / 108.44 MiB 
[------------>________________________________] 27.54% 1.04 MiB p/s ETA 1m15s29.86 MiB / 108.44 MiB 
[------------>________________________________] 27.54% 1.04 MiB p/s ETA 1m15s29.86 MiB / 108.44 MiB 
[----------->_______________________________] 27.54% 996.94 KiB p/s ETA 1m20s29.86 MiB / 108.44 MiB 
[----------->_______________________________] 27.54% 996.94 KiB p/s ETA 1m20s29.86 MiB / 108.44 MiB 
[----------->_______________________________] 27.54% 996.94 KiB p/s ETA 1m20s29.86 MiB / 108.44 MiB 
[----------->_______________________________] 27.54% 932.62 KiB p/s ETA 1m26s29.86 MiB / 108.44 MiB 
[----------->_______________________________] 27.54% 932.62 KiB p/s ETA 1m26s30.14 MiB / 108.44 MiB 
[----------->_______________________________] 27.80% 932.62 KiB p/s ETA 1m25s30.17 MiB / 108.44 MiB 
[----------->_______________________________] 27.83% 906.86 KiB p/s ETA 1m28s30.29 MiB / 108.44 MiB 
[------------>______________________________] 27.94% 906.86 KiB p/s ETA 1m28s30.42 MiB / 108.44 MiB 
[------------>______________________________] 28.05% 906.86 KiB p/s ETA 1m28s30.51 MiB / 108.44 MiB 
[------------>______________________________] 28.14% 885.53 KiB p/s ETA 1m30s30.58 MiB / 108.44 MiB 
[------------>______________________________] 28.20% 885.53 KiB p/s ETA 1m30s30.76 MiB / 108.44 MiB 
[------------>______________________________] 28.36% 885.53 KiB p/s ETA 1m29s30.87 MiB / 108.44 MiB 
[------------>______________________________] 28.46% 867.43 KiB p/s ETA 1m31s31.01 MiB / 108.44 MiB 
[------------>______________________________] 28.59% 867.43 KiB p/s ETA 1m31s31.04 MiB / 108.44 MiB 
[------------>______________________________] 28.62% 867.43 KiB p/s ETA 1m31s31.16 MiB / 108.44 MiB 
[------------>______________________________] 28.74% 844.11 KiB p/s ETA 1m33s31.40 MiB / 108.44 MiB 
[------------>______________________________] 28.95% 844.11 KiB p/s ETA 1m33s31.40 MiB / 108.44 MiB 
[------------>______________________________] 28.95% 844.11 KiB p/s ETA 1m33s31.76 MiB / 108.44 MiB 
[------------>______________________________] 29.29% 855.56 KiB p/s ETA 1m31s31.89 MiB / 108.44 MiB 
[------------>______________________________] 29.40% 855.56 KiB p/s ETA 1m31s32.04 MiB / 108.44 MiB 
[------------>______________________________] 29.55% 855.56 KiB p/s ETA 1m31s32.28 MiB / 108.44 MiB 
[------------>______________________________] 29.76% 857.20 KiB p/s ETA 1m30s32.47 MiB / 108.44 MiB 
[------------>______________________________] 29.94% 857.20 KiB p/s ETA 1m30s32.59 MiB / 108.44 MiB 
[------------>______________________________] 30.05% 857.20 KiB p/s ETA 1m30s32.68 MiB / 108.44 MiB 
[------------>______________________________] 30.14% 846.56 KiB p/s ETA 1m31s32.70 MiB / 108.44 MiB 
[------------>______________________________] 30.15% 846.56 KiB p/s ETA 1m31s32.70 MiB / 108.44 MiB 
[------------>______________________________] 30.15% 846.56 KiB p/s ETA 1m31s32.70 MiB / 108.44 MiB 
[------------>______________________________] 30.15% 793.67 KiB p/s ETA 1m37s32.70 MiB / 108.44 MiB 
[------------>______________________________] 30.15% 793.67 KiB p/s ETA 1m37s32.73 MiB / 108.44 MiB 
[------------>______________________________] 30.18% 793.67 KiB p/s ETA 1m37s32.73 MiB / 108.44 MiB 
[------------>______________________________] 30.18% 745.91 KiB p/s ETA 1m43s32.79 MiB / 108.44 MiB 
[------------->_____________________________] 30.24% 745.91 KiB p/s ETA 1m43s32.90 MiB / 108.44 MiB 
[------------->_____________________________] 30.34% 745.91 KiB p/s ETA 1m43s33.03 MiB / 108.44 MiB 
[------------->_____________________________] 30.46% 730.47 KiB p/s ETA 1m45s33.12 MiB / 108.44 MiB 
[------------->_____________________________] 30.54% 730.47 KiB p/s ETA 1m45s33.29 MiB / 108.44 MiB 
[------------->_____________________________] 30.70% 730.47 KiB p/s ETA 1m45s33.48 MiB / 108.44 MiB 
[------------->_____________________________] 30.87% 733.21 KiB p/s ETA 1m44s33.65 MiB / 108.44 MiB 
[------------->_____________________________] 31.03% 733.21 KiB p/s ETA 1m44s33.67 MiB / 108.44 MiB 
[------------->_____________________________] 31.05% 733.21 KiB p/s ETA 1m44s33.79 MiB / 108.44 MiB 
[------------->_____________________________] 31.16% 719.69 KiB p/s ETA 1m46s33.79 MiB / 108.44 MiB 
[------------->_____________________________] 31.16% 719.69 KiB p/s ETA 1m46s33.90 MiB / 108.44 MiB 
[------------->_____________________________] 31.26% 719.69 KiB p/s ETA 1m46s34.07 MiB / 108.44 MiB 
[------------->_____________________________] 31.42% 704.23 KiB p/s ETA 1m48s34.17 MiB / 108.44 MiB 
[------------->_____________________________] 31.51% 704.23 KiB p/s ETA 1m47s34.27 MiB / 108.44 MiB 
[------------->_____________________________] 31.60% 704.23 KiB p/s ETA 1m47s34.39 MiB / 108.44 MiB 
[------------->_____________________________] 31.71% 693.72 KiB p/s ETA 1m49s34.54 MiB / 108.44 MiB 
[------------->_____________________________] 31.85% 693.72 KiB p/s ETA 1m49s34.62 MiB / 108.44 MiB 
[------------->_____________________________] 31.93% 693.72 KiB p/s ETA 1m48s34.64 MiB / 108.44 MiB 
[------------->_____________________________] 31.94% 676.51 KiB p/s ETA 1m51s34.71 MiB / 108.44 MiB 
[------------->_____________________________] 32.01% 676.51 KiB p/s ETA 1m51s34.82 MiB / 108.44 MiB 
[------------->_____________________________] 32.11% 676.51 KiB p/s ETA 1m51s34.93 MiB / 108.44 MiB 
[------------->_____________________________] 32.21% 664.93 KiB p/s ETA 1m53s34.96 MiB / 108.44 MiB 
[------------->_____________________________] 32.24% 664.93 KiB p/s ETA 1m53s34.96 MiB / 108.44 MiB 
[------------->_____________________________] 32.24% 664.93 KiB p/s ETA 1m53s34.96 MiB / 108.44 MiB 
[-------------->_____________________________] 32.24% 625.47 KiB p/s ETA 2m0s35.07 MiB / 108.44 MiB 
[-------------->_____________________________] 32.34% 625.47 KiB p/s ETA 2m0s35.24 MiB / 108.44 MiB 
[------------->_____________________________] 32.50% 625.47 KiB p/s ETA 1m59s35.29 MiB / 108.44 MiB 
[-------------->_____________________________] 32.54% 621.24 KiB p/s ETA 2m0s35.47 MiB / 108.44 MiB 
[-------------->_____________________________] 32.71% 621.24 KiB p/s ETA 2m0s35.60 MiB / 108.44 MiB 
[-------------->_____________________________] 32.83% 621.24 KiB p/s ETA 2m0s35.80 MiB / 108.44 MiB 
[-------------->____________________________] 33.01% 637.84 KiB p/s ETA 1m56s35.85 MiB / 108.44 MiB 
[-------------->____________________________] 33.06% 637.84 KiB p/s ETA 1m56s36.11 MiB / 108.44 MiB 
[-------------->____________________________] 33.30% 637.84 KiB p/s ETA 1m56s36.27 MiB / 108.44 MiB 
[-------------->____________________________] 33.44% 647.70 KiB p/s ETA 1m54s36.42 MiB / 108.44 MiB 
[-------------->____________________________] 33.58% 647.70 KiB p/s ETA 1m53s36.60 MiB / 108.44 MiB 
[-------------->____________________________] 33.75% 647.70 KiB p/s ETA 1m53s36.60 MiB / 108.44 MiB 
[-------------->____________________________] 33.75% 643.21 KiB p/s ETA 1m54s36.60 MiB / 108.44 MiB 
[-------------->____________________________] 33.75% 643.21 KiB p/s ETA 1m54s36.78 MiB / 108.44 MiB 
[-------------->____________________________] 33.91% 643.21 KiB p/s ETA 1m54s36.97 MiB / 108.44 MiB 
[-------------->____________________________] 34.09% 642.36 KiB p/s ETA 1m53s37.13 MiB / 108.44 MiB 
[-------------->____________________________] 34.24% 642.36 KiB p/s ETA 1m53s37.25 MiB / 108.44 MiB 
[-------------->____________________________] 34.35% 642.36 KiB p/s ETA 1m53s37.38 MiB / 108.44 MiB 
[-------------->____________________________] 34.47% 645.67 KiB p/s ETA 1m52s37.50 MiB / 108.44 MiB 
[-------------->____________________________] 34.58% 645.67 KiB p/s ETA 1m52s37.64 MiB / 108.44 MiB 
[-------------->____________________________] 34.71% 645.67 KiB p/s ETA 1m52s37.75 MiB / 108.44 MiB 
[-------------->____________________________] 34.81% 644.65 KiB p/s ETA 1m52s37.79 MiB / 108.44 MiB 
[-------------->____________________________] 34.85% 644.65 KiB p/s ETA 1m52s37.98 MiB / 108.44 MiB 
[--------------->___________________________] 35.02% 644.65 KiB p/s ETA 1m51s38.02 MiB / 108.44 MiB 
[--------------->___________________________] 35.06% 632.45 KiB p/s ETA 1m54s38.14 MiB / 108.44 MiB 
[--------------->___________________________] 35.17% 632.45 KiB p/s ETA 1m53s38.27 MiB / 108.44 MiB 
[--------------->___________________________] 35.29% 632.45 KiB p/s ETA 1m53s38.34 MiB / 108.44 MiB 
[--------------->___________________________] 35.36% 627.74 KiB p/s ETA 1m54s38.34 MiB / 108.44 MiB 
[--------------->___________________________] 35.36% 627.74 KiB p/s ETA 1m54s38.34 MiB / 108.44 MiB 
[--------------->___________________________] 35.36% 627.74 KiB p/s ETA 1m54s38.34 MiB / 108.44 MiB 
[--------------->____________________________] 35.36% 587.24 KiB p/s ETA 2m2s38.41 MiB / 108.44 MiB 
[--------------->____________________________] 35.42% 587.24 KiB p/s ETA 2m2s38.42 MiB / 108.44 MiB 
[--------------->____________________________] 35.43% 587.24 KiB p/s ETA 2m2s38.48 MiB / 108.44 MiB 
[--------------->____________________________] 35.49% 564.86 KiB p/s ETA 2m6s38.67 MiB / 108.44 MiB 
[--------------->____________________________] 35.66% 564.86 KiB p/s ETA 2m6s38.75 MiB / 108.44 MiB 
[--------------->____________________________] 35.73% 564.86 KiB p/s ETA 2m6s38.99 MiB / 108.44 MiB 
[--------------->____________________________] 35.96% 584.59 KiB p/s ETA 2m1s39.14 MiB / 108.44 MiB 
[--------------->____________________________] 36.09% 584.59 KiB p/s ETA 2m1s39.27 MiB / 108.44 MiB 
[--------------->____________________________] 36.21% 584.59 KiB p/s ETA 2m1s39.45 MiB / 108.44 MiB 
[--------------->___________________________] 36.38% 597.29 KiB p/s ETA 1m58s39.62 MiB / 108.44 MiB 
[--------------->___________________________] 36.53% 597.29 KiB p/s ETA 1m57s39.76 MiB / 108.44 MiB 
[--------------->___________________________] 36.66% 597.29 KiB p/s ETA 1m57s39.98 MiB / 108.44 MiB 
[--------------->___________________________] 36.87% 616.61 KiB p/s ETA 1m53s40.15 MiB / 108.44 MiB 
[--------------->___________________________] 37.02% 616.61 KiB p/s ETA 1m53s40.38 MiB / 108.44 MiB 
[---------------->__________________________] 37.24% 616.61 KiB p/s ETA 1m53s40.57 MiB / 108.44 MiB 
[---------------->__________________________] 37.41% 641.58 KiB p/s ETA 1m48s40.72 MiB / 108.44 MiB 
[---------------->__________________________] 37.55% 641.58 KiB p/s ETA 1m48s40.84 MiB / 108.44 MiB 
[---------------->__________________________] 37.66% 641.58 KiB p/s ETA 1m47s41.00 MiB / 108.44 MiB 
[---------------->__________________________] 37.81% 647.75 KiB p/s ETA 1m46s41.13 MiB / 108.44 MiB 
[---------------->__________________________] 37.93% 647.75 KiB p/s ETA 1m46s41.44 MiB / 108.44 MiB 
[---------------->__________________________] 38.21% 647.75 KiB p/s ETA 1m45s41.57 MiB / 108.44 MiB 
[---------------->__________________________] 38.33% 668.46 KiB p/s ETA 1m42s41.60 MiB / 108.44 MiB 
[---------------->__________________________] 38.36% 668.46 KiB p/s ETA 1m42s41.67 MiB / 108.44 MiB 
[---------------->__________________________] 38.43% 668.46 KiB p/s ETA 1m42s41.83 MiB / 108.44 MiB 
[---------------->__________________________] 38.57% 653.92 KiB p/s ETA 1m44s42.14 MiB / 108.44 MiB 
[---------------->__________________________] 38.86% 653.92 KiB p/s ETA 1m43s42.31 MiB / 108.44 MiB 
[---------------->__________________________] 39.01% 653.92 KiB p/s ETA 1m43s42.49 MiB / 108.44 MiB 
[---------------->__________________________] 39.18% 684.91 KiB p/s ETA 1m38s42.61 MiB / 108.44 MiB 
[---------------->__________________________] 39.30% 684.91 KiB p/s ETA 1m38s42.72 MiB / 108.44 MiB 
[---------------->__________________________] 39.40% 684.91 KiB p/s ETA 1m38s43.00 MiB / 108.44 MiB 
[----------------->_________________________] 39.66% 697.43 KiB p/s ETA 1m36s43.22 MiB / 108.44 MiB 
[----------------->_________________________] 39.85% 697.43 KiB p/s ETA 1m35s43.41 MiB / 108.44 MiB 
[----------------->_________________________] 40.03% 697.43 KiB p/s ETA 1m35s43.79 MiB / 108.44 MiB 
[----------------->_________________________] 40.38% 738.88 KiB p/s ETA 1m29s44.06 MiB / 108.44 MiB 
[----------------->_________________________] 40.63% 738.88 KiB p/s ETA 1m29s44.35 MiB / 108.44 MiB 
[----------------->_________________________] 40.90% 738.88 KiB p/s ETA 1m28s44.60 MiB / 108.44 MiB 
[----------------->_________________________] 41.13% 780.39 KiB p/s ETA 1m23s44.86 MiB / 108.44 MiB 
[----------------->_________________________] 41.37% 780.39 KiB p/s ETA 1m23s45.12 MiB / 108.44 MiB 
[----------------->_________________________] 41.61% 780.39 KiB p/s ETA 1m23s45.35 MiB / 108.44 MiB 
[----------------->_________________________] 41.82% 813.07 KiB p/s ETA 1m19s45.64 MiB / 108.44 MiB 
[------------------>________________________] 42.09% 813.07 KiB p/s ETA 1m19s45.86 MiB / 108.44 MiB 
[------------------>________________________] 42.29% 813.07 KiB p/s ETA 1m18s45.86 MiB / 108.44 MiB 
[------------------>________________________] 42.29% 816.16 KiB p/s ETA 1m18s45.92 MiB / 108.44 MiB 
[------------------>________________________] 42.35% 816.16 KiB p/s ETA 1m18s46.23 MiB / 108.44 MiB 
[------------------>________________________] 42.63% 816.16 KiB p/s ETA 1m18s46.45 MiB / 108.44 MiB 
[------------------>________________________] 42.83% 828.45 KiB p/s ETA 1m16s46.51 MiB / 108.44 MiB 
[------------------>________________________] 42.89% 828.45 KiB p/s ETA 1m16s46.73 MiB / 108.44 MiB 
[------------------>________________________] 43.09% 828.45 KiB p/s ETA 1m16s46.99 MiB / 108.44 MiB 
[------------------>________________________] 43.33% 834.64 KiB p/s ETA 1m15s47.19 MiB / 108.44 MiB 
[------------------>________________________] 43.52% 834.64 KiB p/s ETA 1m15s47.51 MiB / 108.44 MiB 
[------------------>________________________] 43.82% 834.64 KiB p/s ETA 1m14s47.83 MiB / 108.44 MiB 
[------------------>________________________] 44.10% 873.10 KiB p/s ETA 1m11s48.09 MiB / 108.44 MiB 
[------------------->_______________________] 44.35% 873.10 KiB p/s ETA 1m10s48.35 MiB / 108.44 MiB 
[------------------->_______________________] 44.59% 873.10 KiB p/s ETA 1m10s48.57 MiB / 108.44 MiB 
[------------------->________________________] 44.79% 898.70 KiB p/s ETA 1m8s48.72 MiB / 108.44 MiB 
[------------------->________________________] 44.93% 898.70 KiB p/s ETA 1m8s48.86 MiB / 108.44 MiB 
[------------------->________________________] 45.06% 898.70 KiB p/s ETA 1m7s49.00 MiB / 108.44 MiB 
[------------------->________________________] 45.18% 887.71 KiB p/s ETA 1m8s49.21 MiB / 108.44 MiB 
[------------------->________________________] 45.38% 887.71 KiB p/s ETA 1m8s49.40 MiB / 108.44 MiB 
[-------------------->_______________________] 45.55% 887.71 KiB p/s ETA 1m8s49.59 MiB / 108.44 MiB 
[-------------------->_______________________] 45.73% 895.23 KiB p/s ETA 1m7s49.77 MiB / 108.44 MiB 
[-------------------->_______________________] 45.89% 895.23 KiB p/s ETA 1m7s50.02 MiB / 108.44 MiB 
[-------------------->_______________________] 46.12% 895.23 KiB p/s ETA 1m6s50.32 MiB / 108.44 MiB 
[-------------------->_______________________] 46.40% 918.18 KiB p/s ETA 1m4s50.39 MiB / 108.44 MiB 
[-------------------->_______________________] 46.47% 918.18 KiB p/s ETA 1m4s51.04 MiB / 108.44 MiB 
[-------------------->_______________________] 47.07% 918.18 KiB p/s ETA 1m4s51.36 MiB / 108.44 MiB 
[-------------------->_______________________] 47.36% 972.91 KiB p/s ETA 1m0s51.88 MiB / 108.44 MiB 
[--------------------->_______________________] 47.84% 972.91 KiB p/s ETA 59s52.39 MiB / 108.44 MiB 
[--------------------->_______________________] 48.31% 972.91 KiB p/s ETA 58s52.73 MiB / 108.44 MiB 
[---------------------->________________________] 48.62% 1.04 MiB p/s ETA 53s52.86 MiB / 108.44 MiB 
[---------------------->________________________] 48.74% 1.04 MiB p/s ETA 53s53.52 MiB / 108.44 MiB 
[----------------------->_______________________] 49.35% 1.04 MiB p/s ETA 52s53.74 MiB / 108.44 MiB 
[----------------------->_______________________] 49.56% 1.08 MiB p/s ETA 50s54.39 MiB / 108.44 MiB 
[----------------------->_______________________] 50.16% 1.08 MiB p/s ETA 50s54.79 MiB / 108.44 MiB 
[----------------------->_______________________] 50.53% 1.08 MiB p/s ETA 49s55.30 MiB / 108.44 MiB 
[----------------------->_______________________] 50.99% 1.18 MiB p/s ETA 45s55.54 MiB / 108.44 MiB 
[------------------------>______________________] 51.22% 1.18 MiB p/s ETA 44s55.76 MiB / 108.44 MiB 
[------------------------>______________________] 51.42% 1.18 MiB p/s ETA 44s55.89 MiB / 108.44 MiB 
[------------------------>______________________] 51.54% 1.16 MiB p/s ETA 45s56.66 MiB / 108.44 MiB 
[------------------------>______________________] 52.25% 1.16 MiB p/s ETA 44s57.06 MiB / 108.44 MiB 
[------------------------>______________________] 52.62% 1.16 MiB p/s ETA 44s57.46 MiB / 108.44 MiB 
[------------------------>______________________] 52.99% 1.26 MiB p/s ETA 40s58.02 MiB / 108.44 MiB 
[------------------------->_____________________] 53.51% 1.26 MiB p/s ETA 40s58.17 MiB / 108.44 MiB 
[------------------------->_____________________] 53.64% 1.26 MiB p/s ETA 39s58.47 MiB / 108.44 MiB 
[------------------------->_____________________] 53.91% 1.28 MiB p/s ETA 38s58.66 MiB / 108.44 MiB 
[------------------------->_____________________] 54.10% 1.28 MiB p/s ETA 38s58.66 MiB / 108.44 MiB 
[------------------------->_____________________] 54.10% 1.28 MiB p/s ETA 38s59.04 MiB / 108.44 MiB 
[------------------------->_____________________] 54.44% 1.26 MiB p/s ETA 39s59.33 MiB / 108.44 MiB 
[------------------------->_____________________] 54.71% 1.26 MiB p/s ETA 38s59.61 MiB / 108.44 MiB 
[------------------------->_____________________] 54.96% 1.26 MiB p/s ETA 38s59.76 MiB / 108.44 MiB 
[------------------------->_____________________] 55.11% 1.26 MiB p/s ETA 38s60.74 MiB / 108.44 MiB 
[-------------------------->____________________] 56.01% 1.26 MiB p/s ETA 37s60.77 MiB / 108.44 MiB 
[-------------------------->____________________] 56.04% 1.26 MiB p/s ETA 37s61.19 MiB / 108.44 MiB 
[-------------------------->____________________] 56.43% 1.33 MiB p/s ETA 35s61.45 MiB / 108.44 MiB 
[-------------------------->____________________] 56.67% 1.33 MiB p/s ETA 35s61.88 MiB / 108.44 MiB 
[-------------------------->____________________] 57.07% 1.33 MiB p/s ETA 34s62.22 MiB / 108.44 MiB 
[-------------------------->____________________] 57.37% 1.36 MiB p/s ETA 34s62.37 MiB / 108.44 MiB 
[--------------------------->___________________] 57.52% 1.36 MiB p/s ETA 33s62.41 MiB / 108.44 MiB 
[--------------------------->___________________] 57.56% 1.36 MiB p/s ETA 33s62.41 MiB / 108.44 MiB 
[--------------------------->___________________] 57.56% 1.29 MiB p/s ETA 35s62.41 MiB / 108.44 MiB 
[--------------------------->___________________] 57.56% 1.29 MiB p/s ETA 35s62.45 MiB / 108.44 MiB 
[--------------------------->___________________] 57.58% 1.29 MiB p/s ETA 35s62.56 MiB / 108.44 MiB 
[--------------------------->___________________] 57.69% 1.22 MiB p/s ETA 37s62.75 MiB / 108.44 MiB 
[--------------------------->___________________] 57.87% 1.22 MiB p/s ETA 37s63.24 MiB / 108.44 MiB 
[--------------------------->___________________] 58.31% 1.22 MiB p/s ETA 36s63.42 MiB / 108.44 MiB 
[--------------------------->___________________] 58.48% 1.24 MiB p/s ETA 36s63.97 MiB / 108.44 MiB 
[--------------------------->___________________] 58.99% 1.24 MiB p/s ETA 35s64.21 MiB / 108.44 MiB 
[--------------------------->___________________] 59.21% 1.24 MiB p/s ETA 35s64.51 MiB / 108.44 MiB 
[--------------------------->___________________] 59.49% 1.27 MiB p/s ETA 34s64.83 MiB / 108.44 MiB 
[---------------------------->__________________] 59.79% 1.27 MiB p/s ETA 34s65.26 MiB / 108.44 MiB 
[---------------------------->__________________] 60.18% 1.27 MiB p/s ETA 33s65.81 MiB / 108.44 MiB 
[---------------------------->__________________] 60.69% 1.33 MiB p/s ETA 32s66.24 MiB / 108.44 MiB 
[---------------------------->__________________] 61.09% 1.33 MiB p/s ETA 31s66.91 MiB / 108.44 MiB 
[---------------------------->__________________] 61.70% 1.33 MiB p/s ETA 31s67.26 MiB / 108.44 MiB 
[----------------------------->_________________] 62.02% 1.40 MiB p/s ETA 29s67.93 MiB / 108.44 MiB 
[----------------------------->_________________] 62.64% 1.40 MiB p/s ETA 28s68.08 MiB / 108.44 MiB 
[----------------------------->_________________] 62.78% 1.40 MiB p/s ETA 28s68.74 MiB / 108.44 MiB 
[----------------------------->_________________] 63.39% 1.47 MiB p/s ETA 26s69.16 MiB / 108.44 MiB 
[----------------------------->_________________] 63.77% 1.47 MiB p/s ETA 26s69.47 MiB / 108.44 MiB 
[------------------------------>________________] 64.06% 1.47 MiB p/s ETA 26s69.75 MiB / 108.44 MiB 
[------------------------------>________________] 64.32% 1.48 MiB p/s ETA 26s70.14 MiB / 108.44 MiB 
[------------------------------>________________] 64.68% 1.48 MiB p/s ETA 25s70.72 MiB / 108.44 MiB 
[------------------------------>________________] 65.22% 1.48 MiB p/s ETA 25s71.24 MiB / 108.44 MiB 
[------------------------------>________________] 65.70% 1.55 MiB p/s ETA 24s71.75 MiB / 108.44 MiB 
[------------------------------->_______________] 66.17% 1.55 MiB p/s ETA 23s72.32 MiB / 108.44 MiB 
[------------------------------->_______________] 66.69% 1.55 MiB p/s ETA 23s72.82 MiB / 108.44 MiB 
[------------------------------->_______________] 67.15% 1.62 MiB p/s ETA 22s73.34 MiB / 108.44 MiB 
[------------------------------->_______________] 67.63% 1.62 MiB p/s ETA 21s73.86 MiB / 108.44 MiB 
[-------------------------------->______________] 68.11% 1.62 MiB p/s ETA 21s74.56 MiB / 108.44 MiB 
[-------------------------------->______________] 68.75% 1.70 MiB p/s ETA 19s74.56 MiB / 108.44 MiB 
[-------------------------------->______________] 68.75% 1.70 MiB p/s ETA 19s74.83 MiB / 108.44 MiB 
[-------------------------------->______________] 69.01% 1.70 MiB p/s ETA 19s75.75 MiB / 108.44 MiB 
[-------------------------------->______________] 69.86% 1.72 MiB p/s ETA 19s76.32 MiB / 108.44 MiB 
[--------------------------------->_____________] 70.38% 1.72 MiB p/s ETA 18s76.89 MiB / 108.44 MiB 
[--------------------------------->_____________] 70.90% 1.72 MiB p/s ETA 18s77.35 MiB / 108.44 MiB 
[--------------------------------->_____________] 71.33% 1.78 MiB p/s ETA 17s77.69 MiB / 108.44 MiB 
[--------------------------------->_____________] 71.64% 1.78 MiB p/s ETA 17s77.82 MiB / 108.44 MiB 
[--------------------------------->_____________] 71.76% 1.78 MiB p/s ETA 17s77.94 MiB / 108.44 MiB 
[--------------------------------->_____________] 71.87% 1.73 MiB p/s ETA 17s78.38 MiB / 108.44 MiB 
[--------------------------------->_____________] 72.28% 1.73 MiB p/s ETA 17s79.35 MiB / 108.44 MiB 
[---------------------------------->____________] 73.17% 1.73 MiB p/s ETA 16s79.92 MiB / 108.44 MiB 
[---------------------------------->____________] 73.70% 1.83 MiB p/s ETA 15s80.21 MiB / 108.44 MiB 
[---------------------------------->____________] 73.97% 1.83 MiB p/s ETA 15s80.88 MiB / 108.44 MiB 
[----------------------------------->___________] 74.58% 1.83 MiB p/s ETA 15s81.53 MiB / 108.44 MiB 
[----------------------------------->___________] 75.18% 1.89 MiB p/s ETA 14s82.34 MiB / 108.44 MiB 
[----------------------------------->___________] 75.93% 1.89 MiB p/s ETA 13s83.34 MiB / 108.44 MiB 
[------------------------------------>__________] 76.85% 1.89 MiB p/s ETA 13s84.35 MiB / 108.44 MiB 
[------------------------------------>__________] 77.78% 2.07 MiB p/s ETA 11s84.87 MiB / 108.44 MiB 
[------------------------------------>__________] 78.26% 2.07 MiB p/s ETA 11s85.85 MiB / 108.44 MiB 
[------------------------------------->_________] 79.17% 2.07 MiB p/s ETA 10s86.50 MiB / 108.44 MiB 
[------------------------------------->_________] 79.77% 2.17 MiB p/s ETA 10s86.87 MiB / 108.44 MiB 
[-------------------------------------->_________] 80.11% 2.17 MiB p/s ETA 9s87.24 MiB / 108.44 MiB 
[-------------------------------------->_________] 80.45% 2.17 MiB p/s ETA 9s87.97 MiB / 108.44 MiB 
[-------------------------------------->_________] 81.12% 2.18 MiB p/s ETA 9s88.49 MiB / 108.44 MiB 
[--------------------------------------->________] 81.60% 2.18 MiB p/s ETA 9s88.52 MiB / 108.44 MiB 
[--------------------------------------->________] 81.63% 2.18 MiB p/s ETA 9s89.16 MiB / 108.44 MiB 
[--------------------------------------->________] 82.22% 2.17 MiB p/s ETA 8s89.55 MiB / 108.44 MiB 
[--------------------------------------->________] 82.58% 2.17 MiB p/s ETA 8s89.93 MiB / 108.44 MiB 
[--------------------------------------->________] 82.93% 2.17 MiB p/s ETA 8s90.51 MiB / 108.44 MiB 
[---------------------------------------->_______] 83.46% 2.18 MiB p/s ETA 8s91.61 MiB / 108.44 MiB 
[---------------------------------------->_______] 84.48% 2.18 MiB p/s ETA 7s92.77 MiB / 108.44 MiB 
[----------------------------------------->______] 85.55% 2.18 MiB p/s ETA 7s93.79 MiB / 108.44 MiB 
[----------------------------------------->______] 86.48% 2.39 MiB p/s ETA 6s94.93 MiB / 108.44 MiB 
[------------------------------------------>_____] 87.54% 2.39 MiB p/s ETA 5s95.42 MiB / 108.44 MiB 
[------------------------------------------>_____] 87.99% 2.39 MiB p/s ETA 5s97.23 MiB / 108.44 MiB 
[------------------------------------------->____] 89.66% 2.60 MiB p/s ETA 4s98.10 MiB / 108.44 MiB 
[------------------------------------------->____] 90.46% 2.60 MiB p/s ETA 3s98.81 MiB / 108.44 MiB 
[------------------------------------------->____] 91.12% 2.60 MiB p/s ETA 3s100.08 MiB / 108.44 MiB 
[------------------------------------------->___] 92.29% 2.74 MiB p/s ETA 3s100.57 MiB / 108.44 MiB 
[------------------------------------------->___] 92.74% 2.74 MiB p/s ETA 2s101.18 MiB / 108.44 MiB 
[------------------------------------------->___] 93.30% 2.74 MiB p/s ETA 2s101.90 MiB / 108.44 MiB 
[-------------------------------------------->__] 93.97% 2.76 MiB p/s ETA 2s101.90 MiB / 108.44 MiB 
[-------------------------------------------->__] 93.97% 2.76 MiB p/s ETA 2s103.33 MiB / 108.44 MiB 
[-------------------------------------------->__] 95.29% 2.76 MiB p/s ETA 1s103.70 MiB / 108.44 MiB 
[-------------------------------------------->__] 95.63% 2.78 MiB p/s ETA 1s104.54 MiB / 108.44 MiB 
[--------------------------------------------->_] 96.40% 2.78 MiB p/s ETA 1s104.95 MiB / 108.44 MiB 
[--------------------------------------------->_] 96.78% 2.78 MiB p/s ETA 1s105.05 MiB / 108.44 MiB 
[--------------------------------------------->_] 96.87% 2.74 MiB p/s ETA 1s106.31 MiB / 108.44 MiB 
[---------------------------------------------->] 98.03% 2.74 MiB p/s ETA 0s106.52 MiB / 108.44 MiB 
[---------------------------------------------->] 98.23% 2.74 MiB p/s ETA 0s107.06 MiB / 108.44 MiB 
[---------------------------------------------->] 98.73% 2.78 MiB p/s ETA 0s107.97 MiB / 108.44 MiB 
[---------------------------------------------->] 99.57% 2.78 MiB p/s ETA 0s108.44 MiB / 108.44 MiB 
[--------------------------------------------->] 100.00% 2.78 MiB p/s ETA 0s108.44 MiB / 108.44 MiB 
[--------------------------------------------->] 100.00% 2.75 MiB p/s ETA 0s108.44 MiB / 108.44 MiB 
[--------------------------------------------->] 100.00% 2.75 MiB p/s ETA 0s108.44 MiB / 108.44 MiB 
[--------------------------------------------->] 100.00% 2.75 MiB p/s ETA 0s108.44 MiB / 108.44 MiB 
[--------------------------------------------->] 100.00% 2.57 MiB p/s ETA 0s108.44 MiB / 108.44 MiB 
[--------------------------------------------->] 100.00% 2.57 MiB p/s ETA 0s108.44 MiB / 108.44 MiB 
[--------------------------------------------->] 100.00% 2.57 MiB p/s ETA 0s108.44 MiB / 108.44 MiB 
[--------------------------------------------->] 100.00% 2.41 MiB p/s ETA 0s108.44 MiB / 108.44 MiB 
[--------------------------------------------->] 100.00% 2.41 MiB p/s ETA 0s108.44 MiB / 108.44 MiB 
[--------------------------------------------->] 100.00% 2.41 MiB p/s ETA 0s108.44 MiB / 108.44 MiB 
[--------------------------------------------->] 100.00% 2.25 MiB p/s ETA 0s108.44 MiB / 108.44 MiB 
[--------------------------------------------->] 100.00% 2.25 MiB p/s ETA 0s108.44 MiB / 108.44 MiB 
[--------------------------------------------->] 100.00% 2.25 MiB p/s ETA 0s108.44 MiB / 108.44 MiB 
[--------------------------------------------->] 100.00% 2.11 MiB p/s ETA 0s108.44 MiB / 108.44 MiB 
[--------------------------------------------->] 100.00% 2.11 MiB p/s ETA 0s108.44 MiB / 108.44 MiB 
[--------------------------------------------->] 100.00% 2.11 MiB p/s ETA 0s108.44 MiB / 108.44 MiB 
[--------------------------------------------->] 100.00% 1.97 MiB p/s ETA 0s108.44 MiB / 108.44 MiB 
[--------------------------------------------->] 100.00% 1.97 MiB p/s ETA 0s108.44 MiB / 108.44 MiB 
[--------------------------------------------->] 100.00% 1.97 MiB p/s ETA 0s108.44 MiB / 108.44 MiB 
[--------------------------------------------->] 100.00% 1.84 MiB p/s ETA 0s108.44 MiB / 108.44 MiB 
[--------------------------------------------->] 100.00% 1.84 MiB p/s ETA 0s108.44 MiB / 108.44 MiB 
[--------------------------------------------->] 100.00% 1.84 MiB p/s ETA 0s108.44 MiB / 108.44 MiB 
[--------------------------------------------->] 100.00% 1.72 MiB p/s ETA 0s108.44 MiB / 108.44 MiB 
[--------------------------------------------->] 100.00% 1.72 MiB p/s ETA 0s108.44 MiB / 108.44 MiB 
[--------------------------------------------->] 100.00% 1.72 MiB p/s ETA 0s108.44 MiB / 108.44 MiB 
[--------------------------------------------->] 100.00% 1.61 MiB p/s ETA 0s108.44 MiB / 108.44 MiB 
[--------------------------------------------->] 100.00% 1.61 MiB p/s ETA 0s108.44 MiB / 108.44 MiB 
[--------------------------------------------->] 100.00% 1.61 MiB p/s ETA 0s108.44 MiB / 108.44 MiB 
[--------------------------------------------->] 100.00% 1.51 MiB p/s ETA 0s108.44 MiB / 108.44 MiB 
[--------------------------------------------->] 100.00% 1.51 MiB p/s ETA 0s108.44 MiB / 108.44 MiB 
[--------------------------------------------->] 100.00% 1.51 MiB p/s ETA 0s108.44 MiB / 108.44 MiB 
[--------------------------------------------->] 100.00% 1.41 MiB p/s ETA 0s108.44 MiB / 108.44 MiB 
[--------------------------------------------->] 100.00% 1.41 MiB p/s ETA 0s108.44 MiB / 108.44 MiB 
[--------------------------------------------->] 100.00% 1.41 MiB p/s ETA 0s108.44 MiB / 108.44 MiB 
[--------------------------------------------->] 100.00% 1.32 MiB p/s ETA 0s108.44 MiB / 108.44 MiB 
[--------------------------------------------->] 100.00% 1.32 MiB p/s ETA 0s108.44 MiB / 108.44 MiB 
[--------------------------------------------->] 100.00% 1.32 MiB p/s ETA 0s108.44 MiB / 108.44 MiB 
[--------------------------------------------->] 100.00% 1.24 MiB p/s ETA 0s108.44 MiB / 108.44 MiB 
[--------------------------------------------->] 100.00% 1.24 MiB p/s ETA 0s108.44 MiB / 108.44 MiB 
[--------------------------------------------->] 100.00% 1.24 MiB p/s ETA 0s108.44 MiB / 108.44 MiB 
[--------------------------------------------->] 100.00% 1.16 MiB p/s ETA 0s108.44 MiB / 108.44 MiB 
[--------------------------------------------->] 100.00% 1.16 MiB p/s ETA 0s108.44 MiB / 108.44 MiB 
[--------------------------------------------->] 100.00% 1.16 MiB p/s ETA 0s108.44 MiB / 108.44 MiB 
[--------------------------------------------->] 100.00% 1.08 MiB p/s ETA 0s108.44 MiB / 108.44 MiB 
[--------------------------------------------->] 100.00% 1.08 MiB p/s ETA 0s108.44 MiB / 108.44 MiB 
[--------------------------------------------->] 100.00% 1.08 MiB p/s ETA 0s108.44 MiB / 108.44 MiB 
[--------------------------------------------->] 100.00% 1.01 MiB p/s ETA 0s108.44 MiB / 108.44 MiB 
[-----------------------------------------------] 100.00% 1.06 MiB p/s 1m43s2026-08-20T09:55:55Z	INFO	[vulndb] 
Artifact successfully downloaded	repo="mirror.gcr.io/aquasec/trivy-db:2"
2026-08-20T09:55:55Z	INFO	[vuln] Vulnerability scanning is enabled
2026-08-20T09:55:55Z	INFO	[secret] Secret scanning is enabled
2026-08-20T09:55:55Z	INFO	[secret] If your scanning is slow, please try '--scanners vuln' to disable secret scanning
2026-08-20T09:55:55Z	INFO	[secret] Please see https://trivy.dev/docs/v0.74/guide/scanner/secret#recommendation for 
faster secret detection
2026-08-20T09:56:02Z	INFO	[python] Licenses acquired from one or more METADATA files may be subject to additional 
terms. Use `--debug` flag to see all affected packages.
2026-08-20T09:56:03Z	INFO	Detected OS	family="debian" version="12.15"
2026-08-20T09:56:03Z	INFO	[debian] Detecting vulnerabilities...	os_version="12" pkg_num=105
2026-08-20T09:56:03Z	INFO	Number of language-specific files	num=1
2026-08-20T09:56:03Z	INFO	[python-pkg] Detecting vulnerabilities...
2026-08-20T09:56:03Z	WARN	Using severities from other vendors for some vulnerabilities. Read 
https://trivy.dev/docs/v0.74/guide/scanner/vulnerability#severity-selection for details.
