docker : 2026-08-20T09:48:57Z	INFO	[vulndb] Need to update DB
At line:1 char:323
+ ... ker\python; docker run --rm -v /var/run/docker.sock:/var/run/docker.s ...
+                 ~~~~~~~~~~~~~~~~~~~~~~~~~~~~~~~~~~~~~~~~~~~~~~~~~~~~~~~~~
    + CategoryInfo          : NotSpecified: (2026-08-20T09:4...ed to update DB:String) [], RemoteException
    + FullyQualifiedErrorId : NativeCommandError
 
2026-08-20T09:48:57Z	INFO	[vulndb] Downloading vulnerability DB...
2026-08-20T09:48:57Z	INFO	[vulndb] Downloading artifact...	repo="mirror.gcr.io/aquasec/trivy-db:2"
685.26 KiB / 108.44 MiB [>___________________________________________________________] 0.62% ? p/s ?1.57 MiB / 108.44 
MiB [>_____________________________________________________________] 1.45% ? p/s ?2.50 MiB / 108.44 MiB 
[->____________________________________________________________] 2.30% ? p/s ?3.28 MiB / 108.44 MiB 
[->_______________________________________________] 3.02% 4.34 MiB p/s ETA 24s3.73 MiB / 108.44 MiB 
[->_______________________________________________] 3.44% 4.34 MiB p/s ETA 24s5.23 MiB / 108.44 MiB 
[-->______________________________________________] 4.83% 4.34 MiB p/s ETA 23s6.04 MiB / 108.44 MiB 
[-->______________________________________________] 5.57% 4.36 MiB p/s ETA 23s6.61 MiB / 108.44 MiB 
[-->______________________________________________] 6.09% 4.36 MiB p/s ETA 23s7.55 MiB / 108.44 MiB 
[--->_____________________________________________] 6.97% 4.36 MiB p/s ETA 23s8.39 MiB / 108.44 MiB 
[--->_____________________________________________] 7.74% 4.33 MiB p/s ETA 23s9.16 MiB / 108.44 MiB 
[---->____________________________________________] 8.44% 4.33 MiB p/s ETA 22s10.00 MiB / 108.44 MiB 
[---->___________________________________________] 9.22% 4.33 MiB p/s ETA 22s10.79 MiB / 108.44 MiB 
[---->___________________________________________] 9.95% 4.31 MiB p/s ETA 22s11.67 MiB / 108.44 MiB 
[----->_________________________________________] 10.76% 4.31 MiB p/s ETA 22s12.77 MiB / 108.44 MiB 
[----->_________________________________________] 11.77% 4.31 MiB p/s ETA 22s13.92 MiB / 108.44 MiB 
[------>________________________________________] 12.84% 4.37 MiB p/s ETA 21s15.01 MiB / 108.44 MiB 
[------>________________________________________] 13.84% 4.37 MiB p/s ETA 21s15.70 MiB / 108.44 MiB 
[------>________________________________________] 14.48% 4.37 MiB p/s ETA 21s16.54 MiB / 108.44 MiB 
[------->_______________________________________] 15.25% 4.37 MiB p/s ETA 21s17.32 MiB / 108.44 MiB 
[------->_______________________________________] 15.97% 4.37 MiB p/s ETA 20s17.97 MiB / 108.44 MiB 
[------->_______________________________________] 16.57% 4.37 MiB p/s ETA 20s18.61 MiB / 108.44 MiB 
[-------->______________________________________] 17.16% 4.31 MiB p/s ETA 20s19.28 MiB / 108.44 MiB 
[-------->______________________________________] 17.78% 4.31 MiB p/s ETA 20s19.88 MiB / 108.44 MiB 
[-------->______________________________________] 18.34% 4.31 MiB p/s ETA 20s20.54 MiB / 108.44 MiB 
[-------->______________________________________] 18.94% 4.24 MiB p/s ETA 20s21.26 MiB / 108.44 MiB 
[--------->_____________________________________] 19.60% 4.24 MiB p/s ETA 20s21.89 MiB / 108.44 MiB 
[--------->_____________________________________] 20.19% 4.24 MiB p/s ETA 20s23.28 MiB / 108.44 MiB 
[---------->____________________________________] 21.47% 4.26 MiB p/s ETA 19s24.38 MiB / 108.44 MiB 
[---------->____________________________________] 22.48% 4.26 MiB p/s ETA 19s25.65 MiB / 108.44 MiB 
[----------->___________________________________] 23.66% 4.26 MiB p/s ETA 19s26.08 MiB / 108.44 MiB 
[----------->___________________________________] 24.05% 4.29 MiB p/s ETA 19s26.95 MiB / 108.44 MiB 
[----------->___________________________________] 24.85% 4.29 MiB p/s ETA 19s27.85 MiB / 108.44 MiB 
[------------>__________________________________] 25.69% 4.29 MiB p/s ETA 18s28.71 MiB / 108.44 MiB 
[------------>__________________________________] 26.48% 4.29 MiB p/s ETA 18s29.58 MiB / 108.44 MiB 
[------------>__________________________________] 27.28% 4.29 MiB p/s ETA 18s31.26 MiB / 108.44 MiB 
[------------->_________________________________] 28.83% 4.29 MiB p/s ETA 17s32.95 MiB / 108.44 MiB 
[-------------->________________________________] 30.38% 4.47 MiB p/s ETA 16s33.68 MiB / 108.44 MiB 
[-------------->________________________________] 31.06% 4.47 MiB p/s ETA 16s34.68 MiB / 108.44 MiB 
[--------------->_______________________________] 31.98% 4.47 MiB p/s ETA 16s35.57 MiB / 108.44 MiB 
[--------------->_______________________________] 32.80% 4.47 MiB p/s ETA 16s36.99 MiB / 108.44 MiB 
[---------------->______________________________] 34.11% 4.47 MiB p/s ETA 16s37.85 MiB / 108.44 MiB 
[---------------->______________________________] 34.90% 4.47 MiB p/s ETA 15s38.72 MiB / 108.44 MiB 
[---------------->______________________________] 35.70% 4.52 MiB p/s ETA 15s40.33 MiB / 108.44 MiB 
[----------------->_____________________________] 37.19% 4.52 MiB p/s ETA 15s41.15 MiB / 108.44 MiB 
[----------------->_____________________________] 37.95% 4.52 MiB p/s ETA 14s42.37 MiB / 108.44 MiB 
[------------------>____________________________] 39.07% 4.62 MiB p/s ETA 14s43.34 MiB / 108.44 MiB 
[------------------>____________________________] 39.96% 4.62 MiB p/s ETA 14s44.27 MiB / 108.44 MiB 
[------------------->___________________________] 40.82% 4.62 MiB p/s ETA 13s45.09 MiB / 108.44 MiB 
[------------------->___________________________] 41.58% 4.61 MiB p/s ETA 13s45.63 MiB / 108.44 MiB 
[------------------->___________________________] 42.08% 4.61 MiB p/s ETA 13s45.87 MiB / 108.44 MiB 
[------------------->___________________________] 42.30% 4.61 MiB p/s ETA 13s46.16 MiB / 108.44 MiB 
[-------------------->__________________________] 42.56% 4.43 MiB p/s ETA 14s46.42 MiB / 108.44 MiB 
[-------------------->__________________________] 42.81% 4.43 MiB p/s ETA 14s46.69 MiB / 108.44 MiB 
[-------------------->__________________________] 43.05% 4.43 MiB p/s ETA 13s47.09 MiB / 108.44 MiB 
[-------------------->__________________________] 43.42% 4.24 MiB p/s ETA 14s47.43 MiB / 108.44 MiB 
[-------------------->__________________________] 43.74% 4.24 MiB p/s ETA 14s47.87 MiB / 108.44 MiB 
[-------------------->__________________________] 44.14% 4.24 MiB p/s ETA 14s48.19 MiB / 108.44 MiB 
[-------------------->__________________________] 44.44% 4.09 MiB p/s ETA 14s48.57 MiB / 108.44 MiB 
[--------------------->_________________________] 44.79% 4.09 MiB p/s ETA 14s48.92 MiB / 108.44 MiB 
[--------------------->_________________________] 45.11% 4.09 MiB p/s ETA 14s49.28 MiB / 108.44 MiB 
[--------------------->_________________________] 45.44% 3.94 MiB p/s ETA 15s49.64 MiB / 108.44 MiB 
[--------------------->_________________________] 45.77% 3.94 MiB p/s ETA 14s50.09 MiB / 108.44 MiB 
[--------------------->_________________________] 46.19% 3.94 MiB p/s ETA 14s50.92 MiB / 108.44 MiB 
[---------------------->________________________] 46.95% 3.86 MiB p/s ETA 14s51.85 MiB / 108.44 MiB 
[---------------------->________________________] 47.81% 3.86 MiB p/s ETA 14s52.79 MiB / 108.44 MiB 
[---------------------->________________________] 48.68% 3.86 MiB p/s ETA 14s53.70 MiB / 108.44 MiB 
[----------------------->_______________________] 49.52% 3.91 MiB p/s ETA 13s54.14 MiB / 108.44 MiB 
[----------------------->_______________________] 49.93% 3.91 MiB p/s ETA 13s55.25 MiB / 108.44 MiB 
[----------------------->_______________________] 50.95% 3.91 MiB p/s ETA 13s56.22 MiB / 108.44 MiB 
[------------------------>______________________] 51.84% 3.93 MiB p/s ETA 13s57.32 MiB / 108.44 MiB 
[------------------------>______________________] 52.86% 3.93 MiB p/s ETA 13s58.03 MiB / 108.44 MiB 
[------------------------->_____________________] 53.51% 3.93 MiB p/s ETA 12s58.75 MiB / 108.44 MiB 
[------------------------->_____________________] 54.17% 3.95 MiB p/s ETA 12s59.63 MiB / 108.44 MiB 
[------------------------->_____________________] 54.99% 3.95 MiB p/s ETA 12s60.43 MiB / 108.44 MiB 
[-------------------------->____________________] 55.73% 3.95 MiB p/s ETA 12s61.23 MiB / 108.44 MiB 
[-------------------------->____________________] 56.46% 3.96 MiB p/s ETA 11s62.02 MiB / 108.44 MiB 
[-------------------------->____________________] 57.19% 3.96 MiB p/s ETA 11s62.62 MiB / 108.44 MiB 
[--------------------------->___________________] 57.75% 3.96 MiB p/s ETA 11s63.23 MiB / 108.44 MiB 
[--------------------------->___________________] 58.31% 3.92 MiB p/s ETA 11s63.81 MiB / 108.44 MiB 
[--------------------------->___________________] 58.84% 3.92 MiB p/s ETA 11s64.41 MiB / 108.44 MiB 
[--------------------------->___________________] 59.39% 3.92 MiB p/s ETA 11s64.90 MiB / 108.44 MiB 
[---------------------------->__________________] 59.85% 3.85 MiB p/s ETA 11s65.49 MiB / 108.44 MiB 
[---------------------------->__________________] 60.40% 3.85 MiB p/s ETA 11s65.95 MiB / 108.44 MiB 
[---------------------------->__________________] 60.81% 3.85 MiB p/s ETA 11s66.59 MiB / 108.44 MiB 
[---------------------------->__________________] 61.41% 3.78 MiB p/s ETA 11s67.25 MiB / 108.44 MiB 
[----------------------------->_________________] 62.01% 3.78 MiB p/s ETA 10s67.77 MiB / 108.44 MiB 
[----------------------------->_________________] 62.50% 3.78 MiB p/s ETA 10s68.35 MiB / 108.44 MiB 
[----------------------------->_________________] 63.03% 3.73 MiB p/s ETA 10s68.89 MiB / 108.44 MiB 
[----------------------------->_________________] 63.53% 3.73 MiB p/s ETA 10s69.45 MiB / 108.44 MiB 
[------------------------------>________________] 64.05% 3.73 MiB p/s ETA 10s70.15 MiB / 108.44 MiB 
[------------------------------>________________] 64.69% 3.68 MiB p/s ETA 10s71.00 MiB / 108.44 MiB 
[------------------------------>________________] 65.47% 3.68 MiB p/s ETA 10s72.25 MiB / 108.44 MiB 
[------------------------------->________________] 66.62% 3.68 MiB p/s ETA 9s73.62 MiB / 108.44 MiB 
[-------------------------------->_______________] 67.89% 3.82 MiB p/s ETA 9s74.69 MiB / 108.44 MiB 
[--------------------------------->______________] 68.87% 3.82 MiB p/s ETA 8s75.94 MiB / 108.44 MiB 
[--------------------------------->______________] 70.03% 3.82 MiB p/s ETA 8s76.97 MiB / 108.44 MiB 
[---------------------------------->_____________] 70.98% 3.93 MiB p/s ETA 8s78.30 MiB / 108.44 MiB 
[---------------------------------->_____________] 72.20% 3.93 MiB p/s ETA 7s79.29 MiB / 108.44 MiB 
[----------------------------------->____________] 73.12% 3.93 MiB p/s ETA 7s80.42 MiB / 108.44 MiB 
[----------------------------------->____________] 74.16% 4.05 MiB p/s ETA 6s81.54 MiB / 108.44 MiB 
[------------------------------------>___________] 75.19% 4.05 MiB p/s ETA 6s82.30 MiB / 108.44 MiB 
[------------------------------------>___________] 75.89% 4.05 MiB p/s ETA 6s83.18 MiB / 108.44 MiB 
[------------------------------------>___________] 76.71% 4.08 MiB p/s ETA 6s83.96 MiB / 108.44 MiB 
[------------------------------------->__________] 77.42% 4.08 MiB p/s ETA 5s84.65 MiB / 108.44 MiB 
[------------------------------------->__________] 78.06% 4.08 MiB p/s ETA 5s84.95 MiB / 108.44 MiB 
[------------------------------------->__________] 78.34% 4.01 MiB p/s ETA 5s85.71 MiB / 108.44 MiB 
[------------------------------------->__________] 79.04% 4.01 MiB p/s ETA 5s86.67 MiB / 108.44 MiB 
[-------------------------------------->_________] 79.93% 4.01 MiB p/s ETA 5s87.42 MiB / 108.44 MiB 
[-------------------------------------->_________] 80.61% 4.02 MiB p/s ETA 5s89.26 MiB / 108.44 MiB 
[--------------------------------------->________] 82.31% 4.02 MiB p/s ETA 4s89.87 MiB / 108.44 MiB 
[--------------------------------------->________] 82.87% 4.02 MiB p/s ETA 4s91.35 MiB / 108.44 MiB 
[---------------------------------------->_______] 84.23% 4.18 MiB p/s ETA 4s92.59 MiB / 108.44 MiB 
[---------------------------------------->_______] 85.39% 4.18 MiB p/s ETA 3s92.72 MiB / 108.44 MiB 
[----------------------------------------->______] 85.50% 4.18 MiB p/s ETA 3s92.72 MiB / 108.44 MiB 
[----------------------------------------->______] 85.50% 4.06 MiB p/s ETA 3s92.72 MiB / 108.44 MiB 
[----------------------------------------->______] 85.50% 4.06 MiB p/s ETA 3s93.15 MiB / 108.44 MiB 
[----------------------------------------->______] 85.90% 4.06 MiB p/s ETA 3s93.29 MiB / 108.44 MiB 
[----------------------------------------->______] 86.03% 3.86 MiB p/s ETA 3s93.40 MiB / 108.44 MiB 
[----------------------------------------->______] 86.13% 3.86 MiB p/s ETA 3s93.62 MiB / 108.44 MiB 
[----------------------------------------->______] 86.33% 3.86 MiB p/s ETA 3s93.62 MiB / 108.44 MiB 
[----------------------------------------->______] 86.33% 3.64 MiB p/s ETA 4s93.96 MiB / 108.44 MiB 
[----------------------------------------->______] 86.65% 3.64 MiB p/s ETA 3s93.96 MiB / 108.44 MiB 
[----------------------------------------->______] 86.65% 3.64 MiB p/s ETA 3s94.17 MiB / 108.44 MiB 
[----------------------------------------->______] 86.84% 3.47 MiB p/s ETA 4s94.17 MiB / 108.44 MiB 
[----------------------------------------->______] 86.84% 3.47 MiB p/s ETA 4s94.45 MiB / 108.44 MiB 
[----------------------------------------->______] 87.10% 3.47 MiB p/s ETA 4s94.45 MiB / 108.44 MiB 
[----------------------------------------->______] 87.10% 3.27 MiB p/s ETA 4s94.58 MiB / 108.44 MiB 
[----------------------------------------->______] 87.21% 3.27 MiB p/s ETA 4s94.73 MiB / 108.44 MiB 
[----------------------------------------->______] 87.36% 3.27 MiB p/s ETA 4s94.79 MiB / 108.44 MiB 
[----------------------------------------->______] 87.41% 3.10 MiB p/s ETA 4s94.83 MiB / 108.44 MiB 
[----------------------------------------->______] 87.44% 3.10 MiB p/s ETA 4s94.95 MiB / 108.44 MiB 
[------------------------------------------>_____] 87.56% 3.10 MiB p/s ETA 4s95.31 MiB / 108.44 MiB 
[------------------------------------------>_____] 87.89% 2.95 MiB p/s ETA 4s95.84 MiB / 108.44 MiB 
[------------------------------------------>_____] 88.38% 2.95 MiB p/s ETA 4s96.45 MiB / 108.44 MiB 
[------------------------------------------>_____] 88.94% 2.95 MiB p/s ETA 4s97.14 MiB / 108.44 MiB 
[------------------------------------------>_____] 89.58% 2.96 MiB p/s ETA 3s97.65 MiB / 108.44 MiB 
[------------------------------------------->____] 90.05% 2.96 MiB p/s ETA 3s98.17 MiB / 108.44 MiB 
[------------------------------------------->____] 90.53% 2.96 MiB p/s ETA 3s98.70 MiB / 108.44 MiB 
[------------------------------------------->____] 91.02% 2.94 MiB p/s ETA 3s99.30 MiB / 108.44 MiB 
[------------------------------------------->____] 91.57% 2.94 MiB p/s ETA 3s99.91 MiB / 108.44 MiB 
[-------------------------------------------->___] 92.13% 2.94 MiB p/s ETA 2s100.48 MiB / 108.44 MiB 
[------------------------------------------->___] 92.66% 2.94 MiB p/s ETA 2s101.14 MiB / 108.44 MiB 
[------------------------------------------->___] 93.26% 2.94 MiB p/s ETA 2s101.70 MiB / 108.44 MiB 
[-------------------------------------------->__] 93.78% 2.94 MiB p/s ETA 2s102.29 MiB / 108.44 MiB 
[-------------------------------------------->__] 94.33% 2.95 MiB p/s ETA 2s103.07 MiB / 108.44 MiB 
[-------------------------------------------->__] 95.05% 2.95 MiB p/s ETA 1s104.19 MiB / 108.44 MiB 
[--------------------------------------------->_] 96.08% 2.95 MiB p/s ETA 1s105.20 MiB / 108.44 MiB 
[--------------------------------------------->_] 97.01% 3.07 MiB p/s ETA 1s106.53 MiB / 108.44 MiB 
[---------------------------------------------->] 98.24% 3.07 MiB p/s ETA 0s107.82 MiB / 108.44 MiB 
[---------------------------------------------->] 99.43% 3.07 MiB p/s ETA 0s108.44 MiB / 108.44 MiB 
[--------------------------------------------->] 100.00% 3.22 MiB p/s ETA 0s108.44 MiB / 108.44 MiB 
[--------------------------------------------->] 100.00% 3.22 MiB p/s ETA 0s108.44 MiB / 108.44 MiB 
[--------------------------------------------->] 100.00% 3.22 MiB p/s ETA 0s108.44 MiB / 108.44 MiB 
[--------------------------------------------->] 100.00% 3.01 MiB p/s ETA 0s108.44 MiB / 108.44 MiB 
[--------------------------------------------->] 100.00% 3.01 MiB p/s ETA 0s108.44 MiB / 108.44 MiB 
[--------------------------------------------->] 100.00% 3.01 MiB p/s ETA 0s108.44 MiB / 108.44 MiB 
[--------------------------------------------->] 100.00% 2.82 MiB p/s ETA 0s108.44 MiB / 108.44 MiB 
[--------------------------------------------->] 100.00% 2.82 MiB p/s ETA 0s108.44 MiB / 108.44 MiB 
[--------------------------------------------->] 100.00% 2.82 MiB p/s ETA 0s108.44 MiB / 108.44 MiB 
[--------------------------------------------->] 100.00% 2.63 MiB p/s ETA 0s108.44 MiB / 108.44 MiB 
[--------------------------------------------->] 100.00% 2.63 MiB p/s ETA 0s108.44 MiB / 108.44 MiB 
[--------------------------------------------->] 100.00% 2.63 MiB p/s ETA 0s108.44 MiB / 108.44 MiB 
[--------------------------------------------->] 100.00% 2.46 MiB p/s ETA 0s108.44 MiB / 108.44 MiB 
[--------------------------------------------->] 100.00% 2.46 MiB p/s ETA 0s108.44 MiB / 108.44 MiB 
[--------------------------------------------->] 100.00% 2.46 MiB p/s ETA 0s108.44 MiB / 108.44 MiB 
[--------------------------------------------->] 100.00% 2.31 MiB p/s ETA 0s108.44 MiB / 108.44 MiB 
[--------------------------------------------->] 100.00% 2.31 MiB p/s ETA 0s108.44 MiB / 108.44 MiB 
[--------------------------------------------->] 100.00% 2.31 MiB p/s ETA 0s108.44 MiB / 108.44 MiB 
[--------------------------------------------->] 100.00% 2.16 MiB p/s ETA 0s108.44 MiB / 108.44 MiB 
[--------------------------------------------->] 100.00% 2.16 MiB p/s ETA 0s108.44 MiB / 108.44 MiB 
[--------------------------------------------->] 100.00% 2.16 MiB p/s ETA 0s108.44 MiB / 108.44 MiB 
[--------------------------------------------->] 100.00% 2.02 MiB p/s ETA 0s108.44 MiB / 108.44 MiB 
[--------------------------------------------->] 100.00% 2.02 MiB p/s ETA 0s108.44 MiB / 108.44 MiB 
[--------------------------------------------->] 100.00% 2.02 MiB p/s ETA 0s108.44 MiB / 108.44 MiB 
[--------------------------------------------->] 100.00% 1.89 MiB p/s ETA 0s108.44 MiB / 108.44 MiB 
[--------------------------------------------->] 100.00% 1.89 MiB p/s ETA 0s108.44 MiB / 108.44 MiB 
[--------------------------------------------->] 100.00% 1.89 MiB p/s ETA 0s108.44 MiB / 108.44 MiB 
[--------------------------------------------->] 100.00% 1.77 MiB p/s ETA 0s108.44 MiB / 108.44 MiB 
[--------------------------------------------->] 100.00% 1.77 MiB p/s ETA 0s108.44 MiB / 108.44 MiB 
[--------------------------------------------->] 100.00% 1.77 MiB p/s ETA 0s108.44 MiB / 108.44 MiB 
[--------------------------------------------->] 100.00% 1.65 MiB p/s ETA 0s108.44 MiB / 108.44 MiB 
[--------------------------------------------->] 100.00% 1.65 MiB p/s ETA 0s108.44 MiB / 108.44 MiB 
[--------------------------------------------->] 100.00% 1.65 MiB p/s ETA 0s108.44 MiB / 108.44 MiB 
[--------------------------------------------->] 100.00% 1.55 MiB p/s ETA 0s108.44 MiB / 108.44 MiB 
[--------------------------------------------->] 100.00% 1.55 MiB p/s ETA 0s108.44 MiB / 108.44 MiB 
[--------------------------------------------->] 100.00% 1.55 MiB p/s ETA 0s108.44 MiB / 108.44 MiB 
[--------------------------------------------->] 100.00% 1.45 MiB p/s ETA 0s108.44 MiB / 108.44 MiB 
[--------------------------------------------->] 100.00% 1.45 MiB p/s ETA 0s108.44 MiB / 108.44 MiB 
[--------------------------------------------->] 100.00% 1.45 MiB p/s ETA 0s108.44 MiB / 108.44 MiB 
[--------------------------------------------->] 100.00% 1.35 MiB p/s ETA 0s108.44 MiB / 108.44 MiB 
[--------------------------------------------->] 100.00% 1.35 MiB p/s ETA 0s108.44 MiB / 108.44 MiB 
[--------------------------------------------->] 100.00% 1.35 MiB p/s ETA 0s108.44 MiB / 108.44 MiB 
[--------------------------------------------->] 100.00% 1.27 MiB p/s ETA 0s108.44 MiB / 108.44 MiB 
[--------------------------------------------->] 100.00% 1.27 MiB p/s ETA 0s108.44 MiB / 108.44 MiB 
[--------------------------------------------->] 100.00% 1.27 MiB p/s ETA 0s108.44 MiB / 108.44 MiB 
[--------------------------------------------->] 100.00% 1.18 MiB p/s ETA 0s108.44 MiB / 108.44 MiB 
[-------------------------------------------------] 100.00% 2.78 MiB p/s 39s2026-08-20T09:49:37Z	INFO	[vulndb] 
Artifact successfully downloaded	repo="mirror.gcr.io/aquasec/trivy-db:2"
2026-08-20T09:49:37Z	INFO	[vuln] Vulnerability scanning is enabled
2026-08-20T09:49:37Z	INFO	[secret] Secret scanning is enabled
2026-08-20T09:49:37Z	INFO	[secret] If your scanning is slow, please try '--scanners vuln' to disable secret scanning
2026-08-20T09:49:37Z	INFO	[secret] Please see https://trivy.dev/docs/v0.74/guide/scanner/secret#recommendation for 
faster secret detection
2026-08-20T09:49:42Z	INFO	[python] Licenses acquired from one or more METADATA files may be subject to additional 
terms. Use `--debug` flag to see all affected packages.
2026-08-20T09:49:43Z	INFO	Detected OS	family="debian" version="12.15"
2026-08-20T09:49:43Z	INFO	[debian] Detecting vulnerabilities...	os_version="12" pkg_num=105
2026-08-20T09:49:43Z	INFO	Number of language-specific files	num=1
2026-08-20T09:49:43Z	INFO	[python-pkg] Detecting vulnerabilities...
2026-08-20T09:49:43Z	WARN	Using severities from other vendors for some vulnerabilities. Read 
https://trivy.dev/docs/v0.74/guide/scanner/vulnerability#severity-selection for details.
