docker : 2026-08-20T10:17:57Z	INFO	[vulndb] Need to update DB
At line:1 char:323
+ ... ker\python; docker run --rm -v /var/run/docker.sock:/var/run/docker.s ...
+                 ~~~~~~~~~~~~~~~~~~~~~~~~~~~~~~~~~~~~~~~~~~~~~~~~~~~~~~~~~
    + CategoryInfo          : NotSpecified: (2026-08-20T10:1...ed to update DB:String) [], RemoteException
    + FullyQualifiedErrorId : NativeCommandError
 
2026-08-20T10:17:57Z	INFO	[vulndb] Downloading vulnerability DB...
2026-08-20T10:17:57Z	INFO	[vulndb] Downloading artifact...	repo="mirror.gcr.io/aquasec/trivy-db:2"
905.59 KiB / 108.44 MiB [>___________________________________________________________] 0.82% ? p/s ?2.20 MiB / 108.44 
MiB [->____________________________________________________________] 2.03% ? p/s ?3.42 MiB / 108.44 MiB 
[->____________________________________________________________] 3.16% ? p/s ?4.87 MiB / 108.44 MiB 
[-->______________________________________________] 4.49% 6.65 MiB p/s ETA 15s5.60 MiB / 108.44 MiB 
[-->______________________________________________] 5.17% 6.65 MiB p/s ETA 15s7.86 MiB / 108.44 MiB 
[--->_____________________________________________] 7.25% 6.65 MiB p/s ETA 15s8.98 MiB / 108.44 MiB 
[---->____________________________________________] 8.28% 6.66 MiB p/s ETA 14s9.86 MiB / 108.44 MiB 
[---->____________________________________________] 9.09% 6.66 MiB p/s ETA 14s10.39 MiB / 108.44 MiB 
[---->___________________________________________] 9.58% 6.66 MiB p/s ETA 14s10.76 MiB / 108.44 MiB 
[---->___________________________________________] 9.92% 6.42 MiB p/s ETA 15s11.07 MiB / 108.44 MiB 
[---->__________________________________________] 10.21% 6.42 MiB p/s ETA 15s11.38 MiB / 108.44 MiB 
[---->__________________________________________] 10.49% 6.42 MiB p/s ETA 15s11.66 MiB / 108.44 MiB 
[----->_________________________________________] 10.75% 6.10 MiB p/s ETA 15s12.27 MiB / 108.44 MiB 
[----->_________________________________________] 11.31% 6.10 MiB p/s ETA 15s13.35 MiB / 108.44 MiB 
[----->_________________________________________] 12.31% 6.10 MiB p/s ETA 15s14.51 MiB / 108.44 MiB 
[------>________________________________________] 13.38% 6.02 MiB p/s ETA 15s15.70 MiB / 108.44 MiB 
[------>________________________________________] 14.48% 6.02 MiB p/s ETA 15s16.59 MiB / 108.44 MiB 
[------->_______________________________________] 15.30% 6.02 MiB p/s ETA 15s18.09 MiB / 108.44 MiB 
[------->_______________________________________] 16.68% 6.01 MiB p/s ETA 15s18.51 MiB / 108.44 MiB 
[-------->______________________________________] 17.07% 6.01 MiB p/s ETA 14s18.92 MiB / 108.44 MiB 
[-------->______________________________________] 17.45% 6.01 MiB p/s ETA 14s19.44 MiB / 108.44 MiB 
[-------->______________________________________] 17.93% 5.77 MiB p/s ETA 15s19.76 MiB / 108.44 MiB 
[-------->______________________________________] 18.22% 5.77 MiB p/s ETA 15s20.07 MiB / 108.44 MiB 
[-------->______________________________________] 18.51% 5.77 MiB p/s ETA 15s20.38 MiB / 108.44 MiB 
[-------->______________________________________] 18.80% 5.50 MiB p/s ETA 16s21.29 MiB / 108.44 MiB 
[--------->_____________________________________] 19.64% 5.50 MiB p/s ETA 15s22.47 MiB / 108.44 MiB 
[--------->_____________________________________] 20.72% 5.50 MiB p/s ETA 15s23.86 MiB / 108.44 MiB 
[---------->____________________________________] 22.00% 5.52 MiB p/s ETA 15s25.00 MiB / 108.44 MiB 
[---------->____________________________________] 23.06% 5.52 MiB p/s ETA 15s25.45 MiB / 108.44 MiB 
[----------->___________________________________] 23.47% 5.52 MiB p/s ETA 15s26.29 MiB / 108.44 MiB 
[----------->___________________________________] 24.25% 5.43 MiB p/s ETA 15s27.64 MiB / 108.44 MiB 
[----------->___________________________________] 25.49% 5.43 MiB p/s ETA 14s28.89 MiB / 108.44 MiB 
[------------>__________________________________] 26.64% 5.43 MiB p/s ETA 14s30.48 MiB / 108.44 MiB 
[------------->_________________________________] 28.10% 5.52 MiB p/s ETA 14s30.85 MiB / 108.44 MiB 
[------------->_________________________________] 28.45% 5.52 MiB p/s ETA 14s31.70 MiB / 108.44 MiB 
[------------->_________________________________] 29.23% 5.52 MiB p/s ETA 13s32.57 MiB / 108.44 MiB 
[-------------->________________________________] 30.03% 5.39 MiB p/s ETA 14s32.92 MiB / 108.44 MiB 
[-------------->________________________________] 30.36% 5.39 MiB p/s ETA 14s33.23 MiB / 108.44 MiB 
[-------------->________________________________] 30.64% 5.39 MiB p/s ETA 13s34.30 MiB / 108.44 MiB 
[-------------->________________________________] 31.63% 5.23 MiB p/s ETA 14s35.07 MiB / 108.44 MiB 
[--------------->_______________________________] 32.34% 5.23 MiB p/s ETA 14s36.00 MiB / 108.44 MiB 
[--------------->_______________________________] 33.20% 5.23 MiB p/s ETA 13s37.04 MiB / 108.44 MiB 
[---------------->______________________________] 34.15% 5.19 MiB p/s ETA 13s37.84 MiB / 108.44 MiB 
[---------------->______________________________] 34.90% 5.19 MiB p/s ETA 13s38.53 MiB / 108.44 MiB 
[---------------->______________________________] 35.53% 5.19 MiB p/s ETA 13s39.30 MiB / 108.44 MiB 
[----------------->_____________________________] 36.24% 5.10 MiB p/s ETA 13s40.20 MiB / 108.44 MiB 
[----------------->_____________________________] 37.07% 5.10 MiB p/s ETA 13s40.77 MiB / 108.44 MiB 
[----------------->_____________________________] 37.59% 5.10 MiB p/s ETA 13s41.66 MiB / 108.44 MiB 
[------------------>____________________________] 38.42% 5.02 MiB p/s ETA 13s41.88 MiB / 108.44 MiB 
[------------------>____________________________] 38.62% 5.02 MiB p/s ETA 13s42.58 MiB / 108.44 MiB 
[------------------>____________________________] 39.26% 5.02 MiB p/s ETA 13s43.89 MiB / 108.44 MiB 
[------------------->___________________________] 40.47% 4.94 MiB p/s ETA 13s45.16 MiB / 108.44 MiB 
[------------------->___________________________] 41.65% 4.94 MiB p/s ETA 12s45.75 MiB / 108.44 MiB 
[------------------->___________________________] 42.19% 4.94 MiB p/s ETA 12s46.22 MiB / 108.44 MiB 
[-------------------->__________________________] 42.62% 4.87 MiB p/s ETA 12s46.90 MiB / 108.44 MiB 
[-------------------->__________________________] 43.25% 4.87 MiB p/s ETA 12s47.95 MiB / 108.44 MiB 
[-------------------->__________________________] 44.22% 4.87 MiB p/s ETA 12s48.32 MiB / 108.44 MiB 
[-------------------->__________________________] 44.56% 4.78 MiB p/s ETA 12s48.41 MiB / 108.44 MiB 
[-------------------->__________________________] 44.65% 4.78 MiB p/s ETA 12s50.06 MiB / 108.44 MiB 
[--------------------->_________________________] 46.16% 4.78 MiB p/s ETA 12s50.63 MiB / 108.44 MiB 
[--------------------->_________________________] 46.69% 4.72 MiB p/s ETA 12s51.00 MiB / 108.44 MiB 
[---------------------->________________________] 47.03% 4.72 MiB p/s ETA 12s51.53 MiB / 108.44 MiB 
[---------------------->________________________] 47.52% 4.72 MiB p/s ETA 12s51.88 MiB / 108.44 MiB 
[---------------------->________________________] 47.84% 4.55 MiB p/s ETA 12s51.98 MiB / 108.44 MiB 
[---------------------->________________________] 47.93% 4.55 MiB p/s ETA 12s52.10 MiB / 108.44 MiB 
[---------------------->________________________] 48.05% 4.55 MiB p/s ETA 12s52.16 MiB / 108.44 MiB 
[---------------------->________________________] 48.10% 4.29 MiB p/s ETA 13s52.46 MiB / 108.44 MiB 
[---------------------->________________________] 48.37% 4.29 MiB p/s ETA 13s52.64 MiB / 108.44 MiB 
[---------------------->________________________] 48.54% 4.29 MiB p/s ETA 13s52.89 MiB / 108.44 MiB 
[---------------------->________________________] 48.78% 4.09 MiB p/s ETA 13s53.11 MiB / 108.44 MiB 
[----------------------->_______________________] 48.98% 4.09 MiB p/s ETA 13s53.11 MiB / 108.44 MiB 
[----------------------->_______________________] 48.98% 4.09 MiB p/s ETA 13s53.33 MiB / 108.44 MiB 
[----------------------->_______________________] 49.18% 3.87 MiB p/s ETA 14s53.90 MiB / 108.44 MiB 
[----------------------->_______________________] 49.71% 3.87 MiB p/s ETA 14s54.79 MiB / 108.44 MiB 
[----------------------->_______________________] 50.52% 3.87 MiB p/s ETA 13s55.67 MiB / 108.44 MiB 
[------------------------>______________________] 51.34% 3.87 MiB p/s ETA 13s56.45 MiB / 108.44 MiB 
[------------------------>______________________] 52.06% 3.87 MiB p/s ETA 13s57.25 MiB / 108.44 MiB 
[------------------------>______________________] 52.80% 3.87 MiB p/s ETA 13s58.16 MiB / 108.44 MiB 
[------------------------->_____________________] 53.63% 3.89 MiB p/s ETA 12s59.05 MiB / 108.44 MiB 
[------------------------->_____________________] 54.45% 3.89 MiB p/s ETA 12s59.84 MiB / 108.44 MiB 
[------------------------->_____________________] 55.18% 3.89 MiB p/s ETA 12s60.64 MiB / 108.44 MiB 
[-------------------------->____________________] 55.92% 3.91 MiB p/s ETA 12s61.43 MiB / 108.44 MiB 
[-------------------------->____________________] 56.65% 3.91 MiB p/s ETA 12s62.32 MiB / 108.44 MiB 
[--------------------------->___________________] 57.47% 3.91 MiB p/s ETA 11s63.19 MiB / 108.44 MiB 
[--------------------------->___________________] 58.27% 3.93 MiB p/s ETA 11s64.21 MiB / 108.44 MiB 
[--------------------------->___________________] 59.21% 3.93 MiB p/s ETA 11s65.04 MiB / 108.44 MiB 
[---------------------------->__________________] 59.97% 3.93 MiB p/s ETA 11s65.26 MiB / 108.44 MiB 
[---------------------------->__________________] 60.18% 3.90 MiB p/s ETA 11s65.42 MiB / 108.44 MiB 
[---------------------------->__________________] 60.33% 3.90 MiB p/s ETA 11s65.42 MiB / 108.44 MiB 
[---------------------------->__________________] 60.33% 3.90 MiB p/s ETA 11s65.42 MiB / 108.44 MiB 
[---------------------------->__________________] 60.33% 3.66 MiB p/s ETA 11s66.56 MiB / 108.44 MiB 
[---------------------------->__________________] 61.38% 3.66 MiB p/s ETA 11s68.07 MiB / 108.44 MiB 
[----------------------------->_________________] 62.77% 3.66 MiB p/s ETA 11s69.28 MiB / 108.44 MiB 
[------------------------------>________________] 63.88% 3.84 MiB p/s ETA 10s70.58 MiB / 108.44 MiB 
[------------------------------->________________] 65.09% 3.84 MiB p/s ETA 9s71.98 MiB / 108.44 MiB 
[------------------------------->________________] 66.37% 3.84 MiB p/s ETA 9s73.30 MiB / 108.44 MiB 
[-------------------------------->_______________] 67.59% 4.03 MiB p/s ETA 8s74.50 MiB / 108.44 MiB 
[-------------------------------->_______________] 68.70% 4.03 MiB p/s ETA 8s75.59 MiB / 108.44 MiB 
[--------------------------------->______________] 69.70% 4.03 MiB p/s ETA 8s76.05 MiB / 108.44 MiB 
[--------------------------------->______________] 70.13% 4.06 MiB p/s ETA 7s76.49 MiB / 108.44 MiB 
[--------------------------------->______________] 70.54% 4.06 MiB p/s ETA 7s77.08 MiB / 108.44 MiB 
[---------------------------------->_____________] 71.08% 4.06 MiB p/s ETA 7s77.55 MiB / 108.44 MiB 
[---------------------------------->_____________] 71.51% 3.96 MiB p/s ETA 7s78.67 MiB / 108.44 MiB 
[---------------------------------->_____________] 72.54% 3.96 MiB p/s ETA 7s80.16 MiB / 108.44 MiB 
[----------------------------------->____________] 73.92% 3.96 MiB p/s ETA 7s80.53 MiB / 108.44 MiB 
[----------------------------------->____________] 74.26% 4.03 MiB p/s ETA 6s80.72 MiB / 108.44 MiB 
[----------------------------------->____________] 74.43% 4.03 MiB p/s ETA 6s82.10 MiB / 108.44 MiB 
[------------------------------------>___________] 75.71% 4.03 MiB p/s ETA 6s83.41 MiB / 108.44 MiB 
[------------------------------------>___________] 76.92% 4.08 MiB p/s ETA 6s84.91 MiB / 108.44 MiB 
[------------------------------------->__________] 78.30% 4.08 MiB p/s ETA 5s85.03 MiB / 108.44 MiB 
[------------------------------------->__________] 78.41% 4.08 MiB p/s ETA 5s86.61 MiB / 108.44 MiB 
[-------------------------------------->_________] 79.87% 4.16 MiB p/s ETA 5s88.21 MiB / 108.44 MiB 
[--------------------------------------->________] 81.34% 4.16 MiB p/s ETA 4s88.39 MiB / 108.44 MiB 
[--------------------------------------->________] 81.51% 4.16 MiB p/s ETA 4s88.61 MiB / 108.44 MiB 
[--------------------------------------->________] 81.71% 4.10 MiB p/s ETA 4s88.78 MiB / 108.44 MiB 
[--------------------------------------->________] 81.87% 4.10 MiB p/s ETA 4s88.92 MiB / 108.44 MiB 
[--------------------------------------->________] 82.00% 4.10 MiB p/s ETA 4s88.95 MiB / 108.44 MiB 
[--------------------------------------->________] 82.03% 3.88 MiB p/s ETA 5s89.08 MiB / 108.44 MiB 
[--------------------------------------->________] 82.14% 3.88 MiB p/s ETA 4s89.26 MiB / 108.44 MiB 
[--------------------------------------->________] 82.31% 3.88 MiB p/s ETA 4s89.43 MiB / 108.44 MiB 
[--------------------------------------->________] 82.47% 3.68 MiB p/s ETA 5s89.62 MiB / 108.44 MiB 
[--------------------------------------->________] 82.64% 3.68 MiB p/s ETA 5s89.89 MiB / 108.44 MiB 
[--------------------------------------->________] 82.89% 3.68 MiB p/s ETA 5s90.58 MiB / 108.44 MiB 
[---------------------------------------->_______] 83.53% 3.56 MiB p/s ETA 5s91.78 MiB / 108.44 MiB 
[---------------------------------------->_______] 84.63% 3.56 MiB p/s ETA 4s93.26 MiB / 108.44 MiB 
[----------------------------------------->______] 86.00% 3.56 MiB p/s ETA 4s94.79 MiB / 108.44 MiB 
[----------------------------------------->______] 87.41% 3.79 MiB p/s ETA 3s95.97 MiB / 108.44 MiB 
[------------------------------------------>_____] 88.50% 3.79 MiB p/s ETA 3s97.65 MiB / 108.44 MiB 
[------------------------------------------->____] 90.05% 3.79 MiB p/s ETA 2s98.85 MiB / 108.44 MiB 
[------------------------------------------->____] 91.15% 3.98 MiB p/s ETA 2s99.74 MiB / 108.44 MiB 
[-------------------------------------------->___] 91.97% 3.98 MiB p/s ETA 2s100.41 MiB / 108.44 MiB 
[------------------------------------------->___] 92.60% 3.98 MiB p/s ETA 2s101.12 MiB / 108.44 MiB 
[------------------------------------------->___] 93.25% 3.97 MiB p/s ETA 1s101.43 MiB / 108.44 MiB 
[------------------------------------------->___] 93.54% 3.97 MiB p/s ETA 1s101.74 MiB / 108.44 MiB 
[-------------------------------------------->__] 93.82% 3.97 MiB p/s ETA 1s101.92 MiB / 108.44 MiB 
[-------------------------------------------->__] 93.99% 3.80 MiB p/s ETA 1s102.37 MiB / 108.44 MiB 
[-------------------------------------------->__] 94.40% 3.80 MiB p/s ETA 1s102.67 MiB / 108.44 MiB 
[-------------------------------------------->__] 94.68% 3.80 MiB p/s ETA 1s103.83 MiB / 108.44 MiB 
[--------------------------------------------->_] 95.75% 3.76 MiB p/s ETA 1s105.04 MiB / 108.44 MiB 
[--------------------------------------------->_] 96.87% 3.76 MiB p/s ETA 0s105.28 MiB / 108.44 MiB 
[--------------------------------------------->_] 97.08% 3.76 MiB p/s ETA 0s105.40 MiB / 108.44 MiB 
[--------------------------------------------->_] 97.20% 3.68 MiB p/s ETA 0s106.04 MiB / 108.44 MiB 
[--------------------------------------------->_] 97.78% 3.68 MiB p/s ETA 0s107.54 MiB / 108.44 MiB 
[---------------------------------------------->] 99.17% 3.68 MiB p/s ETA 0s108.44 MiB / 108.44 MiB 
[--------------------------------------------->] 100.00% 3.77 MiB p/s ETA 0s108.44 MiB / 108.44 MiB 
[--------------------------------------------->] 100.00% 3.77 MiB p/s ETA 0s108.44 MiB / 108.44 MiB 
[--------------------------------------------->] 100.00% 3.77 MiB p/s ETA 0s108.44 MiB / 108.44 MiB 
[--------------------------------------------->] 100.00% 3.53 MiB p/s ETA 0s108.44 MiB / 108.44 MiB 
[--------------------------------------------->] 100.00% 3.53 MiB p/s ETA 0s108.44 MiB / 108.44 MiB 
[--------------------------------------------->] 100.00% 3.53 MiB p/s ETA 0s108.44 MiB / 108.44 MiB 
[--------------------------------------------->] 100.00% 3.30 MiB p/s ETA 0s108.44 MiB / 108.44 MiB 
[--------------------------------------------->] 100.00% 3.30 MiB p/s ETA 0s108.44 MiB / 108.44 MiB 
[--------------------------------------------->] 100.00% 3.30 MiB p/s ETA 0s108.44 MiB / 108.44 MiB 
[--------------------------------------------->] 100.00% 3.09 MiB p/s ETA 0s108.44 MiB / 108.44 MiB 
[--------------------------------------------->] 100.00% 3.09 MiB p/s ETA 0s108.44 MiB / 108.44 MiB 
[--------------------------------------------->] 100.00% 3.09 MiB p/s ETA 0s108.44 MiB / 108.44 MiB 
[--------------------------------------------->] 100.00% 2.89 MiB p/s ETA 0s108.44 MiB / 108.44 MiB 
[--------------------------------------------->] 100.00% 2.89 MiB p/s ETA 0s108.44 MiB / 108.44 MiB 
[--------------------------------------------->] 100.00% 2.89 MiB p/s ETA 0s108.44 MiB / 108.44 MiB 
[--------------------------------------------->] 100.00% 2.70 MiB p/s ETA 0s108.44 MiB / 108.44 MiB 
[--------------------------------------------->] 100.00% 2.70 MiB p/s ETA 0s108.44 MiB / 108.44 MiB 
[--------------------------------------------->] 100.00% 2.70 MiB p/s ETA 0s108.44 MiB / 108.44 MiB 
[--------------------------------------------->] 100.00% 2.53 MiB p/s ETA 0s108.44 MiB / 108.44 MiB 
[--------------------------------------------->] 100.00% 2.53 MiB p/s ETA 0s108.44 MiB / 108.44 MiB 
[--------------------------------------------->] 100.00% 2.53 MiB p/s ETA 0s108.44 MiB / 108.44 MiB 
[--------------------------------------------->] 100.00% 2.37 MiB p/s ETA 0s108.44 MiB / 108.44 MiB 
[--------------------------------------------->] 100.00% 2.37 MiB p/s ETA 0s108.44 MiB / 108.44 MiB 
[--------------------------------------------->] 100.00% 2.37 MiB p/s ETA 0s108.44 MiB / 108.44 MiB 
[--------------------------------------------->] 100.00% 2.21 MiB p/s ETA 0s108.44 MiB / 108.44 MiB 
[--------------------------------------------->] 100.00% 2.21 MiB p/s ETA 0s108.44 MiB / 108.44 MiB 
[--------------------------------------------->] 100.00% 2.21 MiB p/s ETA 0s108.44 MiB / 108.44 MiB 
[--------------------------------------------->] 100.00% 2.07 MiB p/s ETA 0s108.44 MiB / 108.44 MiB 
[--------------------------------------------->] 100.00% 2.07 MiB p/s ETA 0s108.44 MiB / 108.44 MiB 
[--------------------------------------------->] 100.00% 2.07 MiB p/s ETA 0s108.44 MiB / 108.44 MiB 
[--------------------------------------------->] 100.00% 1.94 MiB p/s ETA 0s108.44 MiB / 108.44 MiB 
[--------------------------------------------->] 100.00% 1.94 MiB p/s ETA 0s108.44 MiB / 108.44 MiB 
[--------------------------------------------->] 100.00% 1.94 MiB p/s ETA 0s108.44 MiB / 108.44 MiB 
[--------------------------------------------->] 100.00% 1.81 MiB p/s ETA 0s108.44 MiB / 108.44 MiB 
[--------------------------------------------->] 100.00% 1.81 MiB p/s ETA 0s108.44 MiB / 108.44 MiB 
[--------------------------------------------->] 100.00% 1.81 MiB p/s ETA 0s108.44 MiB / 108.44 MiB 
[--------------------------------------------->] 100.00% 1.69 MiB p/s ETA 0s108.44 MiB / 108.44 MiB 
[--------------------------------------------->] 100.00% 1.69 MiB p/s ETA 0s108.44 MiB / 108.44 MiB 
[--------------------------------------------->] 100.00% 1.69 MiB p/s ETA 0s108.44 MiB / 108.44 MiB 
[--------------------------------------------->] 100.00% 1.59 MiB p/s ETA 0s108.44 MiB / 108.44 MiB 
[--------------------------------------------->] 100.00% 1.59 MiB p/s ETA 0s108.44 MiB / 108.44 MiB 
[--------------------------------------------->] 100.00% 1.59 MiB p/s ETA 0s108.44 MiB / 108.44 MiB 
[--------------------------------------------->] 100.00% 1.48 MiB p/s ETA 0s108.44 MiB / 108.44 MiB 
[--------------------------------------------->] 100.00% 1.48 MiB p/s ETA 0s108.44 MiB / 108.44 MiB 
[--------------------------------------------->] 100.00% 1.48 MiB p/s ETA 0s108.44 MiB / 108.44 MiB 
[--------------------------------------------->] 100.00% 1.39 MiB p/s ETA 0s108.44 MiB / 108.44 MiB 
[--------------------------------------------->] 100.00% 1.39 MiB p/s ETA 0s108.44 MiB / 108.44 MiB 
[--------------------------------------------->] 100.00% 1.39 MiB p/s ETA 0s108.44 MiB / 108.44 MiB 
[-------------------------------------------------] 100.00% 2.83 MiB p/s 39s2026-08-20T10:18:37Z	INFO	[vulndb] 
Artifact successfully downloaded	repo="mirror.gcr.io/aquasec/trivy-db:2"
2026-08-20T10:18:37Z	INFO	[vuln] Vulnerability scanning is enabled
2026-08-20T10:18:37Z	INFO	[secret] Secret scanning is enabled
2026-08-20T10:18:37Z	INFO	[secret] If your scanning is slow, please try '--scanners vuln' to disable secret scanning
2026-08-20T10:18:37Z	INFO	[secret] Please see https://trivy.dev/docs/v0.74/guide/scanner/secret#recommendation for 
faster secret detection
2026-08-20T10:18:42Z	INFO	[python] Licenses acquired from one or more METADATA files may be subject to additional 
terms. Use `--debug` flag to see all affected packages.
2026-08-20T10:18:42Z	INFO	Detected OS	family="debian" version="13.6"
2026-08-20T10:18:42Z	INFO	[debian] Detecting vulnerabilities...	os_version="13" pkg_num=87
2026-08-20T10:18:42Z	INFO	Number of language-specific files	num=1
2026-08-20T10:18:42Z	INFO	[python-pkg] Detecting vulnerabilities...
2026-08-20T10:18:42Z	WARN	Using severities from other vendors for some vulnerabilities. Read 
https://trivy.dev/docs/v0.74/guide/scanner/vulnerability#severity-selection for details.
